Component: ARM Compiler 5.05 update 1 (build 106) Tool: armlink [4d0efa]

==============================================================================

Section Cross References

    main.o(i.DMA1_Channel1_IRQHandler) refers to stm32f0xx_dma.o(i.DMA_GetITStatus) for DMA_GetITStatus
    main.o(i.DMA1_Channel1_IRQHandler) refers to stm32f0xx_dma.o(i.DMA_ClearITPendingBit) for DMA_ClearITPendingBit
    main.o(i.DMA1_Channel1_IRQHandler) refers to process.o(.data) for EnterSelfFlag
    main.o(i.DMA1_Channel1_IRQHandler) refers to main.o(.data) for .data
    main.o(i.DMA1_Channel1_IRQHandler) refers to main.o(.bss) for .bss
    main.o(i.GPIO_DEINIT_ALL) refers to stm32f0xx_rcc.o(i.RCC_AHBPeriphClockCmd) for RCC_AHBPeriphClockCmd
    main.o(i.GPIO_DEINIT_ALL) refers to stm32f0xx_gpio.o(i.GPIO_StructInit) for GPIO_StructInit
    main.o(i.GPIO_DEINIT_ALL) refers to stm32f0xx_gpio.o(i.GPIO_Init) for GPIO_Init
    main.o(i.GPIO_INIT) refers to stm32f0xx_rcc.o(i.RCC_AHBPeriphClockCmd) for RCC_AHBPeriphClockCmd
    main.o(i.GPIO_INIT) refers to stm32f0xx_gpio.o(i.GPIO_StructInit) for GPIO_StructInit
    main.o(i.GPIO_INIT) refers to stm32f0xx_gpio.o(i.GPIO_Init) for GPIO_Init
    main.o(i.RCC_Configuration) refers to stm32f0xx_rcc.o(i.RCC_PLLConfig) for RCC_PLLConfig
    main.o(i.RCC_Configuration) refers to stm32f0xx_rcc.o(i.RCC_PLLCmd) for RCC_PLLCmd
    main.o(i.RCC_Configuration) refers to stm32f0xx_rcc.o(i.RCC_ADCCLKConfig) for RCC_ADCCLKConfig
    main.o(i.RCC_Configuration) refers to stm32f0xx_rcc.o(i.RCC_GetFlagStatus) for RCC_GetFlagStatus
    main.o(i.RCC_Configuration) refers to stm32f0xx_rcc.o(i.RCC_SYSCLKConfig) for RCC_SYSCLKConfig
    main.o(i.RCC_Configuration) refers to stm32f0xx_rcc.o(i.RCC_GetSYSCLKSource) for RCC_GetSYSCLKSource
    main.o(i.TIM1_BRK_UP_TRG_COM_IRQHandler) refers to stm32f0xx_tim.o(i.TIM_GetITStatus) for TIM_GetITStatus
    main.o(i.TIM1_BRK_UP_TRG_COM_IRQHandler) refers to stm32f0xx_tim.o(i.TIM_SetCompare1) for TIM_SetCompare1
    main.o(i.TIM1_BRK_UP_TRG_COM_IRQHandler) refers to stm32f0xx_tim.o(i.TIM_SetCompare2) for TIM_SetCompare2
    main.o(i.TIM1_BRK_UP_TRG_COM_IRQHandler) refers to stm32f0xx_tim.o(i.TIM_SetCompare3) for TIM_SetCompare3
    main.o(i.TIM1_BRK_UP_TRG_COM_IRQHandler) refers to stm32f0xx_tim.o(i.TIM_ClearITPendingBit) for TIM_ClearITPendingBit
    main.o(i.TIM1_BRK_UP_TRG_COM_IRQHandler) refers to process.o(.data) for ShortCircuit
    main.o(i.TIM1_BRK_UP_TRG_COM_IRQHandler) refers to main.o(.data) for .data
    main.o(i.TIM2_IRQHandler) refers to stm32f0xx_tim.o(i.TIM_GetITStatus) for TIM_GetITStatus
    main.o(i.TIM2_IRQHandler) refers to stm32f0xx_tim.o(i.TIM_ClearITPendingBit) for TIM_ClearITPendingBit
    main.o(i.TIM3_IRQHandler) refers to stm32f0xx_tim.o(i.TIM_GetITStatus) for TIM_GetITStatus
    main.o(i.TIM3_IRQHandler) refers to process.o(i.scan_key) for scan_key
    main.o(i.TIM3_IRQHandler) refers to stm32f0xx_tim.o(i.TIM_ClearITPendingBit) for TIM_ClearITPendingBit
    main.o(i.TIM3_IRQHandler) refers to process.o(.data) for scan_tick
    main.o(i.TIM3_IRQHandler) refers to process.o(.data) for ShortCircuitLastTime
    main.o(i.USART_Config) refers to stm32f0xx_rcc.o(i.RCC_APB2PeriphClockCmd) for RCC_APB2PeriphClockCmd
    main.o(i.USART_Config) refers to stm32f0xx_usart.o(i.USART_Init) for USART_Init
    main.o(i.USART_Config) refers to stm32f0xx_usart.o(i.USART_Cmd) for USART_Cmd
    main.o(i.adc_config) refers to stm32f0xx_rcc.o(i.RCC_APB2PeriphClockCmd) for RCC_APB2PeriphClockCmd
    main.o(i.adc_config) refers to stm32f0xx_adc.o(i.ADC_DeInit) for ADC_DeInit
    main.o(i.adc_config) refers to stm32f0xx_adc.o(i.ADC_StructInit) for ADC_StructInit
    main.o(i.adc_config) refers to stm32f0xx_adc.o(i.ADC_Init) for ADC_Init
    main.o(i.adc_config) refers to stm32f0xx_adc.o(i.ADC_OverrunModeCmd) for ADC_OverrunModeCmd
    main.o(i.adc_config) refers to stm32f0xx_adc.o(i.ADC_ChannelConfig) for ADC_ChannelConfig
    main.o(i.adc_config) refers to stm32f0xx_adc.o(i.ADC_GetCalibrationFactor) for ADC_GetCalibrationFactor
    main.o(i.adc_config) refers to stm32f0xx_adc.o(i.ADC_Cmd) for ADC_Cmd
    main.o(i.adc_config) refers to stm32f0xx_adc.o(i.ADC_GetFlagStatus) for ADC_GetFlagStatus
    main.o(i.adc_config) refers to stm32f0xx_adc.o(i.ADC_DMACmd) for ADC_DMACmd
    main.o(i.adc_config) refers to stm32f0xx_adc.o(i.ADC_DMARequestModeConfig) for ADC_DMARequestModeConfig
    main.o(i.adc_config) refers to stm32f0xx_adc.o(i.ADC_StartOfConversion) for ADC_StartOfConversion
    main.o(i.adc_dma_init) refers to stm32f0xx_rcc.o(i.RCC_AHBPeriphClockCmd) for RCC_AHBPeriphClockCmd
    main.o(i.adc_dma_init) refers to stm32f0xx_misc.o(i.NVIC_Init) for NVIC_Init
    main.o(i.adc_dma_init) refers to stm32f0xx_dma.o(i.DMA_DeInit) for DMA_DeInit
    main.o(i.adc_dma_init) refers to stm32f0xx_dma.o(i.DMA_StructInit) for DMA_StructInit
    main.o(i.adc_dma_init) refers to stm32f0xx_dma.o(i.DMA_Init) for DMA_Init
[...]
    Removing stm32f0xx_adc.o(i.ADC_AnalogWatchdogThresholdsConfig), (8 bytes).
    Removing stm32f0xx_adc.o(i.ADC_AutoPowerOffCmd), (20 bytes).
    Removing stm32f0xx_adc.o(i.ADC_ClearFlag), (4 bytes).
    Removing stm32f0xx_adc.o(i.ADC_ClearITPendingBit), (4 bytes).
    Removing stm32f0xx_adc.o(i.ADC_ClockModeConfig), (4 bytes).
    Removing stm32f0xx_adc.o(i.ADC_ContinuousModeCmd), (20 bytes).
    Removing stm32f0xx_adc.o(i.ADC_DiscModeCmd), (20 bytes).
    Removing stm32f0xx_adc.o(i.ADC_GetConversionValue), (6 bytes).
    Removing stm32f0xx_adc.o(i.ADC_GetITStatus), (22 bytes).
    Removing stm32f0xx_adc.o(i.ADC_ITConfig), (16 bytes).
    Removing stm32f0xx_adc.o(i.ADC_JitterCmd), (16 bytes).
    Removing stm32f0xx_adc.o(i.ADC_StopOfConversion), (10 bytes).
    Removing stm32f0xx_adc.o(i.ADC_TempSensorCmd), (28 bytes).
    Removing stm32f0xx_adc.o(i.ADC_VbatCmd), (28 bytes).
    Removing stm32f0xx_adc.o(i.ADC_VrefintCmd), (28 bytes).
    Removing stm32f0xx_adc.o(i.ADC_WaitModeCmd), (20 bytes).
    Removing stm32f0xx_can.o(.rev16_text), (4 bytes).
    Removing stm32f0xx_can.o(.revsh_text), (4 bytes).
    Removing stm32f0xx_can.o(i.CAN_CancelTransmit), (38 bytes).
    Removing stm32f0xx_can.o(i.CAN_ClearFlag), (48 bytes).
    Removing stm32f0xx_can.o(i.CAN_ClearITPendingBit), (136 bytes).
    Removing stm32f0xx_can.o(i.CAN_DBGFreeze), (20 bytes).
    Removing stm32f0xx_can.o(i.CAN_DeInit), (22 bytes).
    Removing stm32f0xx_can.o(i.CAN_FIFORelease), (22 bytes).
    Removing stm32f0xx_can.o(i.CAN_FilterInit), (188 bytes).
    Removing stm32f0xx_can.o(i.CAN_GetFlagStatus), (52 bytes).
    Removing stm32f0xx_can.o(i.CAN_GetITStatus), (184 bytes).
    Removing stm32f0xx_can.o(i.CAN_GetLSBTransmitErrorCounter), (8 bytes).
    Removing stm32f0xx_can.o(i.CAN_GetLastErrorCode), (10 bytes).
    Removing stm32f0xx_can.o(i.CAN_GetReceiveErrorCounter), (6 bytes).
    Removing stm32f0xx_can.o(i.CAN_ITConfig), (16 bytes).
    Removing stm32f0xx_can.o(i.CAN_Init), (224 bytes).
    Removing stm32f0xx_can.o(i.CAN_MessagePending), (24 bytes).
    Removing stm32f0xx_can.o(i.CAN_OperatingModeRequest), (144 bytes).
    Removing stm32f0xx_can.o(i.CAN_Receive), (120 bytes).
    Removing stm32f0xx_can.o(i.CAN_SlaveStartBank), (44 bytes).
    Removing stm32f0xx_can.o(i.CAN_Sleep), (30 bytes).
    Removing stm32f0xx_can.o(i.CAN_StructInit), (32 bytes).
    Removing stm32f0xx_can.o(i.CAN_TTComModeCmd), (64 bytes).
    Removing stm32f0xx_can.o(i.CAN_Transmit), (142 bytes).
    Removing stm32f0xx_can.o(i.CAN_TransmitStatus), (120 bytes).
    Removing stm32f0xx_can.o(i.CAN_WakeUp), (44 bytes).
    Removing stm32f0xx_can.o(i.CheckITStatus), (12 bytes).
    Removing stm32f0xx_cec.o(.rev16_text), (4 bytes).
    Removing stm32f0xx_cec.o(.revsh_text), (4 bytes).
    Removing stm32f0xx_cec.o(i.CEC_ClearFlag), (12 bytes).
    Removing stm32f0xx_cec.o(i.CEC_ClearITPendingBit), (12 bytes).
    Removing stm32f0xx_cec.o(i.CEC_Cmd), (28 bytes).
    Removing stm32f0xx_cec.o(i.CEC_DeInit), (22 bytes).
    Removing stm32f0xx_cec.o(i.CEC_EndOfMessage), (16 bytes).
    Removing stm32f0xx_cec.o(i.CEC_GetFlagStatus), (20 bytes).
    Removing stm32f0xx_cec.o(i.CEC_GetITStatus), (28 bytes).
    Removing stm32f0xx_cec.o(i.CEC_ITConfig), (28 bytes).
    Removing stm32f0xx_cec.o(i.CEC_Init), (48 bytes).
    Removing stm32f0xx_cec.o(i.CEC_ListenModeCmd), (28 bytes).
    Removing stm32f0xx_cec.o(i.CEC_OwnAddressClear), (12 bytes).
    Removing stm32f0xx_cec.o(i.CEC_OwnAddressConfig), (20 bytes).
    Removing stm32f0xx_cec.o(i.CEC_ReceiveData), (12 bytes).
    Removing stm32f0xx_cec.o(i.CEC_SendData), (12 bytes).
    Removing stm32f0xx_cec.o(i.CEC_StartOfMessage), (16 bytes).
    Removing stm32f0xx_cec.o(i.CEC_StructInit), (18 bytes).
    Removing stm32f0xx_comp.o(.rev16_text), (4 bytes).
    Removing stm32f0xx_comp.o(.revsh_text), (4 bytes).
    Removing stm32f0xx_comp.o(i.COMP_Cmd), (28 bytes).
    Removing stm32f0xx_comp.o(i.COMP_DeInit), (12 bytes).
    Removing stm32f0xx_comp.o(i.COMP_GetOutputLevel), (32 bytes).
    Removing stm32f0xx_comp.o(i.COMP_Init), (44 bytes).
    Removing stm32f0xx_comp.o(i.COMP_LockConfig), (20 bytes).
    Removing stm32f0xx_comp.o(i.COMP_StructInit), (16 bytes).
    Removing stm32f0xx_comp.o(i.COMP_SwitchCmd), (24 bytes).
    Removing stm32f0xx_comp.o(i.COMP_WindowCmd), (24 bytes).
    Removing stm32f0xx_crc.o(.rev16_text), (4 bytes).
    Removing stm32f0xx_crc.o(.revsh_text), (4 bytes).
    Removing stm32f0xx_crc.o(i.CRC_CalcBlockCRC), (28 bytes).
    Removing stm32f0xx_crc.o(i.CRC_CalcCRC), (12 bytes).
    Removing stm32f0xx_crc.o(i.CRC_CalcCRC16bits), (12 bytes).
    Removing stm32f0xx_crc.o(i.CRC_CalcCRC8bits), (12 bytes).
    Removing stm32f0xx_crc.o(i.CRC_DeInit), (32 bytes).
    Removing stm32f0xx_crc.o(i.CRC_GetCRC), (12 bytes).
    Removing stm32f0xx_crc.o(i.CRC_GetIDRegister), (12 bytes).
    Removing stm32f0xx_crc.o(i.CRC_PolynomialSizeSelect), (20 bytes).
    Removing stm32f0xx_crc.o(i.CRC_ResetDR), (16 bytes).
    Removing stm32f0xx_crc.o(i.CRC_ReverseInputDataSelect), (20 bytes).
    Removing stm32f0xx_crc.o(i.CRC_ReverseOutputDataCmd), (24 bytes).
    Removing stm32f0xx_crc.o(i.CRC_SetIDRegister), (12 bytes).
    Removing stm32f0xx_crc.o(i.CRC_SetInitRegister), (12 bytes).
    Removing stm32f0xx_crc.o(i.CRC_SetPolynomial), (12 bytes).
    Removing stm32f0xx_crs.o(.rev16_text), (4 bytes).
    Removing stm32f0xx_crs.o(.revsh_text), (4 bytes).
    Removing stm32f0xx_crs.o(i.CRS_AdjustHSI48CalibrationValue), (28 bytes).
    Removing stm32f0xx_crs.o(i.CRS_AutomaticCalibrationCmd), (24 bytes).
    Removing stm32f0xx_crs.o(i.CRS_ClearFlag), (32 bytes).
    Removing stm32f0xx_crs.o(i.CRS_ClearITPendingBit), (32 bytes).
    Removing stm32f0xx_crs.o(i.CRS_DeInit), (22 bytes).
    Removing stm32f0xx_crs.o(i.CRS_FrequencyErrorCounterCmd), (24 bytes).
    Removing stm32f0xx_crs.o(i.CRS_FrequencyErrorCounterReload), (24 bytes).
    Removing stm32f0xx_crs.o(i.CRS_FrequencyErrorLimitConfig), (24 bytes).
    Removing stm32f0xx_crs.o(i.CRS_GetFlagStatus), (16 bytes).
    Removing stm32f0xx_crs.o(i.CRS_GetFrequencyErrorDirection), (16 bytes).
    Removing stm32f0xx_crs.o(i.CRS_GetFrequencyErrorValue), (16 bytes).
    Removing stm32f0xx_crs.o(i.CRS_GetHSI48CalibrationValue), (16 bytes).
    Removing stm32f0xx_crs.o(i.CRS_GetITStatus), (16 bytes).
    Removing stm32f0xx_crs.o(i.CRS_GetReloadValue), (12 bytes).
    Removing stm32f0xx_crs.o(i.CRS_ITConfig), (24 bytes).
    Removing stm32f0xx_crs.o(i.CRS_SoftwareSynchronizationGenerate), (16 bytes).
    Removing stm32f0xx_crs.o(i.CRS_SynchronizationPolarityConfig), (24 bytes).
    Removing stm32f0xx_crs.o(i.CRS_SynchronizationPrescalerConfig), (24 bytes).
    Removing stm32f0xx_crs.o(i.CRS_SynchronizationSourceConfig), (24 bytes).
    Removing stm32f0xx_dac.o(.rev16_text), (4 bytes).
    Removing stm32f0xx_dac.o(.revsh_text), (4 bytes).
    Removing stm32f0xx_dac.o(i.DAC_ClearFlag), (12 bytes).
    Removing stm32f0xx_dac.o(i.DAC_ClearITPendingBit), (12 bytes).
    Removing stm32f0xx_dac.o(i.DAC_Cmd), (28 bytes).
    Removing stm32f0xx_dac.o(i.DAC_DMACmd), (28 bytes).
    Removing stm32f0xx_dac.o(i.DAC_DeInit), (22 bytes).
    Removing stm32f0xx_dac.o(i.DAC_DualSoftwareTriggerCmd), (28 bytes).
    Removing stm32f0xx_dac.o(i.DAC_GetDataOutputValue), (24 bytes).
    Removing stm32f0xx_dac.o(i.DAC_GetFlagStatus), (24 bytes).
    Removing stm32f0xx_dac.o(i.DAC_GetITStatus), (32 bytes).
    Removing stm32f0xx_dac.o(i.DAC_ITConfig), (24 bytes).
    Removing stm32f0xx_dac.o(i.DAC_Init), (40 bytes).
    Removing stm32f0xx_dac.o(i.DAC_SetChannel1Data), (20 bytes).
    Removing stm32f0xx_dac.o(i.DAC_SetChannel2Data), (20 bytes).
    Removing stm32f0xx_dac.o(i.DAC_SetDualChannelData), (24 bytes).
    Removing stm32f0xx_dac.o(i.DAC_SoftwareTriggerCmd), (28 bytes).
    Removing stm32f0xx_dac.o(i.DAC_StructInit), (12 bytes).
    Removing stm32f0xx_dac.o(i.DAC_WaveGenerationCmd), (24 bytes).
    Removing stm32f0xx_dbgmcu.o(.rev16_text), (4 bytes).
    Removing stm32f0xx_dbgmcu.o(.revsh_text), (4 bytes).
    Removing stm32f0xx_dbgmcu.o(i.DBGMCU_APB1PeriphConfig), (24 bytes).
    Removing stm32f0xx_dbgmcu.o(i.DBGMCU_APB2PeriphConfig), (24 bytes).
    Removing stm32f0xx_dbgmcu.o(i.DBGMCU_Config), (24 bytes).
    Removing stm32f0xx_dbgmcu.o(i.DBGMCU_GetDEVID), (16 bytes).
    Removing stm32f0xx_dbgmcu.o(i.DBGMCU_GetREVID), (12 bytes).
    Removing stm32f0xx_dma.o(.rev16_text), (4 bytes).
    Removing stm32f0xx_dma.o(.revsh_text), (4 bytes).
    Removing stm32f0xx_dma.o(i.DMA_ClearFlag), (24 bytes).
    Removing stm32f0xx_dma.o(i.DMA_GetCurrDataCounter), (6 bytes).
    Removing stm32f0xx_dma.o(i.DMA_GetFlagStatus), (32 bytes).
    Removing stm32f0xx_dma.o(i.DMA_RemapConfig), (30 bytes).
    Removing stm32f0xx_dma.o(i.DMA_SetCurrDataCounter), (4 bytes).
    Removing stm32f0xx_exti.o(.rev16_text), (4 bytes).
    Removing stm32f0xx_exti.o(.revsh_text), (4 bytes).
    Removing stm32f0xx_exti.o(i.EXTI_ClearFlag), (12 bytes).
    Removing stm32f0xx_exti.o(i.EXTI_ClearITPendingBit), (12 bytes).
    Removing stm32f0xx_exti.o(i.EXTI_DeInit), (32 bytes).
    Removing stm32f0xx_exti.o(i.EXTI_GenerateSWInterrupt), (16 bytes).
    Removing stm32f0xx_exti.o(i.EXTI_GetFlagStatus), (20 bytes).
    Removing stm32f0xx_exti.o(i.EXTI_GetITStatus), (20 bytes).
    Removing stm32f0xx_exti.o(i.EXTI_Init), (108 bytes).
    Removing stm32f0xx_exti.o(i.EXTI_StructInit), (14 bytes).
    Removing stm32f0xx_flash.o(.rev16_text), (4 bytes).
    Removing stm32f0xx_flash.o(.revsh_text), (4 bytes).
    Removing stm32f0xx_flash.o(i.FLASH_EraseAllPages), (52 bytes).
    Removing stm32f0xx_flash.o(i.FLASH_GetFlagStatus), (20 bytes).
    Removing stm32f0xx_flash.o(i.FLASH_GetPrefetchBufferStatus), (20 bytes).
    Removing stm32f0xx_flash.o(i.FLASH_ITConfig), (24 bytes).
    Removing stm32f0xx_flash.o(i.FLASH_OB_BOOT0Config), (64 bytes).
    Removing stm32f0xx_flash.o(i.FLASH_OB_BOOT0SWConfig), (64 bytes).
    Removing stm32f0xx_flash.o(i.FLASH_OB_BOOTConfig), (64 bytes).
    Removing stm32f0xx_flash.o(i.FLASH_OB_EnableWRP), (140 bytes).
    Removing stm32f0xx_flash.o(i.FLASH_OB_Erase), (116 bytes).
    Removing stm32f0xx_flash.o(i.FLASH_OB_GetRDP), (20 bytes).
    Removing stm32f0xx_flash.o(i.FLASH_OB_GetUser), (16 bytes).
    Removing stm32f0xx_flash.o(i.FLASH_OB_GetWRP), (12 bytes).
    Removing stm32f0xx_flash.o(i.FLASH_OB_Launch), (20 bytes).
    Removing stm32f0xx_flash.o(i.FLASH_OB_Lock), (16 bytes).
    Removing stm32f0xx_flash.o(i.FLASH_OB_ProgramData), (56 bytes).
    Removing stm32f0xx_flash.o(i.FLASH_OB_RDPConfig), (92 bytes).
    Removing stm32f0xx_flash.o(i.FLASH_OB_SRAMParityConfig), (64 bytes).
    Removing stm32f0xx_flash.o(i.FLASH_OB_Unlock), (32 bytes).
    Removing stm32f0xx_flash.o(i.FLASH_OB_UserConfig), (72 bytes).
    Removing stm32f0xx_flash.o(i.FLASH_OB_VDDAConfig), (64 bytes).
    Removing stm32f0xx_flash.o(i.FLASH_OB_WriteUser), (60 bytes).
    Removing stm32f0xx_flash.o(i.FLASH_PrefetchBufferCmd), (24 bytes).
    Removing stm32f0xx_flash.o(i.FLASH_ProgramHalfWord), (52 bytes).
    Removing stm32f0xx_flash.o(i.FLASH_SetLatency), (20 bytes).
    Removing stm32f0xx_gpio.o(.rev16_text), (4 bytes).
    Removing stm32f0xx_gpio.o(.revsh_text), (4 bytes).
    Removing stm32f0xx_gpio.o(i.GPIO_DeInit), (112 bytes).
    Removing stm32f0xx_gpio.o(i.GPIO_PinLockConfig), (26 bytes).
    Removing stm32f0xx_gpio.o(i.GPIO_ReadInputData), (4 bytes).
    Removing stm32f0xx_gpio.o(i.GPIO_ReadOutputData), (4 bytes).
    Removing stm32f0xx_gpio.o(i.GPIO_ReadOutputDataBit), (14 bytes).
    Removing stm32f0xx_gpio.o(i.GPIO_ResetBits), (4 bytes).
    Removing stm32f0xx_gpio.o(i.GPIO_SetBits), (4 bytes).
    Removing stm32f0xx_gpio.o(i.GPIO_Write), (4 bytes).
    Removing stm32f0xx_i2c.o(.rev16_text), (4 bytes).
    Removing stm32f0xx_i2c.o(.revsh_text), (4 bytes).
    Removing stm32f0xx_i2c.o(i.I2C_10BitAddressHeaderCmd), (20 bytes).
    Removing stm32f0xx_i2c.o(i.I2C_10BitAddressingModeCmd), (20 bytes).
    Removing stm32f0xx_i2c.o(i.I2C_AcknowledgeConfig), (20 bytes).
    Removing stm32f0xx_i2c.o(i.I2C_AutoEndCmd), (20 bytes).
    Removing stm32f0xx_i2c.o(i.I2C_CalculatePEC), (20 bytes).
    Removing stm32f0xx_i2c.o(i.I2C_ClearFlag), (4 bytes).
    Removing stm32f0xx_i2c.o(i.I2C_ClearITPendingBit), (4 bytes).
    Removing stm32f0xx_i2c.o(i.I2C_ClockTimeoutCmd), (20 bytes).
    Removing stm32f0xx_i2c.o(i.I2C_Cmd), (20 bytes).
    Removing stm32f0xx_i2c.o(i.I2C_DMACmd), (16 bytes).
    Removing stm32f0xx_i2c.o(i.I2C_DeInit), (40 bytes).
    Removing stm32f0xx_i2c.o(i.I2C_DualAddressCmd), (20 bytes).
    Removing stm32f0xx_i2c.o(i.I2C_ExtendedClockTimeoutCmd), (22 bytes).
    Removing stm32f0xx_i2c.o(i.I2C_GeneralCallCmd), (20 bytes).
    Removing stm32f0xx_i2c.o(i.I2C_GenerateSTART), (20 bytes).
    Removing stm32f0xx_i2c.o(i.I2C_GenerateSTOP), (20 bytes).
    Removing stm32f0xx_i2c.o(i.I2C_GetAddressMatched), (10 bytes).
    Removing stm32f0xx_i2c.o(i.I2C_GetFlagStatus), (14 bytes).
    Removing stm32f0xx_i2c.o(i.I2C_GetITStatus), (48 bytes).
    Removing stm32f0xx_i2c.o(i.I2C_GetPEC), (6 bytes).
    Removing stm32f0xx_i2c.o(i.I2C_GetTransferDirection), (18 bytes).
    Removing stm32f0xx_i2c.o(i.I2C_ITConfig), (16 bytes).
    Removing stm32f0xx_i2c.o(i.I2C_IdleClockTimeoutCmd), (20 bytes).
    Removing stm32f0xx_i2c.o(i.I2C_Init), (100 bytes).
    Removing stm32f0xx_i2c.o(i.I2C_MasterRequestConfig), (20 bytes).
    Removing stm32f0xx_i2c.o(i.I2C_NumberOfBytesConfig), (16 bytes).
    Removing stm32f0xx_i2c.o(i.I2C_OwnAddress2Config), (28 bytes).
    Removing stm32f0xx_i2c.o(i.I2C_PECRequestCmd), (20 bytes).
    Removing stm32f0xx_i2c.o(i.I2C_ReadRegister), (10 bytes).
    Removing stm32f0xx_i2c.o(i.I2C_ReceiveData), (6 bytes).
    Removing stm32f0xx_i2c.o(i.I2C_ReloadCmd), (20 bytes).
    Removing stm32f0xx_i2c.o(i.I2C_SMBusAlertCmd), (20 bytes).
    Removing stm32f0xx_i2c.o(i.I2C_SendData), (4 bytes).
    Removing stm32f0xx_i2c.o(i.I2C_SlaveAddressConfig), (16 bytes).
    Removing stm32f0xx_i2c.o(i.I2C_SlaveByteControlCmd), (20 bytes).
    Removing stm32f0xx_i2c.o(i.I2C_SoftwareResetCmd), (20 bytes).
    Removing stm32f0xx_i2c.o(i.I2C_StopModeCmd), (20 bytes).
    Removing stm32f0xx_i2c.o(i.I2C_StretchClockCmd), (20 bytes).
    Removing stm32f0xx_i2c.o(i.I2C_StructInit), (22 bytes).
    Removing stm32f0xx_i2c.o(i.I2C_TimeoutAConfig), (16 bytes).
    Removing stm32f0xx_i2c.o(i.I2C_TimeoutBConfig), (20 bytes).
    Removing stm32f0xx_i2c.o(i.I2C_TransferHandling), (32 bytes).
    Removing stm32f0xx_iwdg.o(.rev16_text), (4 bytes).
    Removing stm32f0xx_iwdg.o(.revsh_text), (4 bytes).
    Removing stm32f0xx_iwdg.o(i.IWDG_Enable), (16 bytes).
    Removing stm32f0xx_iwdg.o(i.IWDG_GetFlagStatus), (20 bytes).
    Removing stm32f0xx_iwdg.o(i.IWDG_ReloadCounter), (16 bytes).
    Removing stm32f0xx_iwdg.o(i.IWDG_SetPrescaler), (12 bytes).
    Removing stm32f0xx_iwdg.o(i.IWDG_SetReload), (12 bytes).
    Removing stm32f0xx_iwdg.o(i.IWDG_SetWindowValue), (12 bytes).
    Removing stm32f0xx_iwdg.o(i.IWDG_WriteAccessCmd), (12 bytes).
    Removing stm32f0xx_misc.o(.rev16_text), (4 bytes).
    Removing stm32f0xx_misc.o(.revsh_text), (4 bytes).
    Removing stm32f0xx_misc.o(i.NVIC_SystemLPConfig), (24 bytes).
    Removing stm32f0xx_misc.o(i.SysTick_CLKSourceConfig), (24 bytes).
    Removing stm32f0xx_pwr.o(.rev16_text), (4 bytes).
    Removing stm32f0xx_pwr.o(.revsh_text), (4 bytes).
    Removing stm32f0xx_pwr.o(i.PWR_BackupAccessCmd), (24 bytes).
    Removing stm32f0xx_pwr.o(i.PWR_ClearFlag), (16 bytes).
    Removing stm32f0xx_pwr.o(i.PWR_DeInit), (22 bytes).
    Removing stm32f0xx_pwr.o(i.PWR_EnterSTANDBYMode), (32 bytes).
    Removing stm32f0xx_pwr.o(i.PWR_EnterSTOPMode), (60 bytes).
    Removing stm32f0xx_pwr.o(i.PWR_EnterSleepMode), (32 bytes).
    Removing stm32f0xx_pwr.o(i.PWR_GetFlagStatus), (20 bytes).
    Removing stm32f0xx_pwr.o(i.PWR_PVDCmd), (24 bytes).
    Removing stm32f0xx_pwr.o(i.PWR_PVDLevelConfig), (20 bytes).
    Removing stm32f0xx_pwr.o(i.PWR_WakeUpPinCmd), (24 bytes).
    Removing stm32f0xx_rcc.o(.rev16_text), (4 bytes).
    Removing stm32f0xx_rcc.o(.revsh_text), (4 bytes).
    Removing stm32f0xx_rcc.o(i.RCC_AHBPeriphResetCmd), (24 bytes).
    Removing stm32f0xx_rcc.o(i.RCC_AdjustHSI14CalibrationValue), (20 bytes).
    Removing stm32f0xx_rcc.o(i.RCC_AdjustHSICalibrationValue), (20 bytes).
    Removing stm32f0xx_rcc.o(i.RCC_BackupResetCmd), (28 bytes).
    Removing stm32f0xx_rcc.o(i.RCC_CECCLKConfig), (24 bytes).
    Removing stm32f0xx_rcc.o(i.RCC_ClearFlag), (20 bytes).
    Removing stm32f0xx_rcc.o(i.RCC_ClearITPendingBit), (12 bytes).
    Removing stm32f0xx_rcc.o(i.RCC_ClockSecuritySystemCmd), (28 bytes).
    Removing stm32f0xx_rcc.o(i.RCC_DeInit), (92 bytes).
    Removing stm32f0xx_rcc.o(i.RCC_GetITStatus), (20 bytes).
    Removing stm32f0xx_rcc.o(i.RCC_HCLKConfig), (20 bytes).
    Removing stm32f0xx_rcc.o(i.RCC_HSEConfig), (16 bytes).
    Removing stm32f0xx_rcc.o(i.RCC_HSI14ADCRequestCmd), (24 bytes).
    Removing stm32f0xx_rcc.o(i.RCC_HSI14Cmd), (28 bytes).
    Removing stm32f0xx_rcc.o(i.RCC_HSI48Cmd), (28 bytes).
    Removing stm32f0xx_rcc.o(i.RCC_HSICmd), (28 bytes).
    Removing stm32f0xx_rcc.o(i.RCC_I2CCLKConfig), (24 bytes).
    Removing stm32f0xx_rcc.o(i.RCC_ITConfig), (24 bytes).
    Removing stm32f0xx_rcc.o(i.RCC_LSEConfig), (32 bytes).
    Removing stm32f0xx_rcc.o(i.RCC_LSEDriveConfig), (24 bytes).
    Removing stm32f0xx_rcc.o(i.RCC_LSICmd), (28 bytes).
    Removing stm32f0xx_rcc.o(i.RCC_MCOConfig), (24 bytes).
    Removing stm32f0xx_rcc.o(i.RCC_PCLKConfig), (20 bytes).
    Removing stm32f0xx_rcc.o(i.RCC_PREDIV1Config), (20 bytes).
    Removing stm32f0xx_rcc.o(i.RCC_RTCCLKCmd), (28 bytes).
    Removing stm32f0xx_rcc.o(i.RCC_RTCCLKConfig), (16 bytes).
    Removing stm32f0xx_rcc.o(i.RCC_USARTCLKConfig), (48 bytes).
    Removing stm32f0xx_rcc.o(i.RCC_USBCLKConfig), (24 bytes).
    Removing stm32f0xx_rcc.o(i.RCC_WaitForHSEStartUp), (44 bytes).
    Removing stm32f0xx_rtc.o(.rev16_text), (4 bytes).
    Removing stm32f0xx_rtc.o(.revsh_text), (4 bytes).
    Removing stm32f0xx_rtc.o(i.RTC_AlarmCmd), (80 bytes).
    Removing stm32f0xx_rtc.o(i.RTC_AlarmStructInit), (20 bytes).
    Removing stm32f0xx_rtc.o(i.RTC_AlarmSubSecondConfig), (32 bytes).
    Removing stm32f0xx_rtc.o(i.RTC_Bcd2ToByte), (16 bytes).
    Removing stm32f0xx_rtc.o(i.RTC_BypassShadowCmd), (40 bytes).
    Removing stm32f0xx_rtc.o(i.RTC_ByteToBcd2), (24 bytes).
    Removing stm32f0xx_rtc.o(i.RTC_CalibOutputCmd), (40 bytes).
    Removing stm32f0xx_rtc.o(i.RTC_CalibOutputConfig), (36 bytes).
    Removing stm32f0xx_rtc.o(i.RTC_ClearFlag), (28 bytes).
    Removing stm32f0xx_rtc.o(i.RTC_ClearITPendingBit), (28 bytes).
    Removing stm32f0xx_rtc.o(i.RTC_DateStructInit), (14 bytes).
    Removing stm32f0xx_rtc.o(i.RTC_DayLightSavingConfig), (40 bytes).
    Removing stm32f0xx_rtc.o(i.RTC_DeInit), (92 bytes).
    Removing stm32f0xx_rtc.o(i.RTC_EnterInitMode), (60 bytes).
    Removing stm32f0xx_rtc.o(i.RTC_ExitInitMode), (16 bytes).
    Removing stm32f0xx_rtc.o(i.RTC_GetAlarm), (100 bytes).
    Removing stm32f0xx_rtc.o(i.RTC_GetAlarmSubSecond), (16 bytes).
    Removing stm32f0xx_rtc.o(i.RTC_GetDate), (72 bytes).
    Removing stm32f0xx_rtc.o(i.RTC_GetFlagStatus), (28 bytes).
    Removing stm32f0xx_rtc.o(i.RTC_GetITStatus), (60 bytes).
    Removing stm32f0xx_rtc.o(i.RTC_GetStoreOperation), (16 bytes).
    Removing stm32f0xx_rtc.o(i.RTC_GetSubSecond), (12 bytes).
    Removing stm32f0xx_rtc.o(i.RTC_GetTime), (80 bytes).
    Removing stm32f0xx_rtc.o(i.RTC_GetTimeStamp), (136 bytes).
    Removing stm32f0xx_rtc.o(i.RTC_GetTimeStampSubSecond), (12 bytes).
    Removing stm32f0xx_rtc.o(i.RTC_GetWakeUpCounter), (12 bytes).
    Removing stm32f0xx_rtc.o(i.RTC_ITConfig), (60 bytes).
    Removing stm32f0xx_rtc.o(i.RTC_Init), (72 bytes).
    Removing stm32f0xx_rtc.o(i.RTC_OutputConfig), (40 bytes).
    Removing stm32f0xx_rtc.o(i.RTC_OutputTypeConfig), (24 bytes).
    Removing stm32f0xx_rtc.o(i.RTC_ReadBackupRegister), (20 bytes).
    Removing stm32f0xx_rtc.o(i.RTC_RefClockCmd), (60 bytes).
    Removing stm32f0xx_rtc.o(i.RTC_SetAlarm), (136 bytes).
    Removing stm32f0xx_rtc.o(i.RTC_SetDate), (148 bytes).
    Removing stm32f0xx_rtc.o(i.RTC_SetTime), (152 bytes).
    Removing stm32f0xx_rtc.o(i.RTC_SetWakeUpCounter), (24 bytes).
    Removing stm32f0xx_rtc.o(i.RTC_SmoothCalibConfig), (64 bytes).
    Removing stm32f0xx_rtc.o(i.RTC_StructInit), (14 bytes).
    Removing stm32f0xx_rtc.o(i.RTC_SynchroShiftConfig), (76 bytes).
    Removing stm32f0xx_rtc.o(i.RTC_TamperCmd), (24 bytes).
    Removing stm32f0xx_rtc.o(i.RTC_TamperFilterConfig), (24 bytes).
    Removing stm32f0xx_rtc.o(i.RTC_TamperPinsPrechargeDuration), (24 bytes).
    Removing stm32f0xx_rtc.o(i.RTC_TamperPullUpCmd), (24 bytes).
    Removing stm32f0xx_rtc.o(i.RTC_TamperSamplingFreqConfig), (24 bytes).
    Removing stm32f0xx_rtc.o(i.RTC_TamperTriggerConfig), (24 bytes).
    Removing stm32f0xx_rtc.o(i.RTC_TimeStampCmd), (44 bytes).
    Removing stm32f0xx_rtc.o(i.RTC_TimeStampOnTamperDetectionCmd), (24 bytes).
    Removing stm32f0xx_rtc.o(i.RTC_TimeStructInit), (12 bytes).
    Removing stm32f0xx_rtc.o(i.RTC_WaitForSynchro), (80 bytes).
    Removing stm32f0xx_rtc.o(i.RTC_WakeUpClockConfig), (36 bytes).
    Removing stm32f0xx_rtc.o(i.RTC_WakeUpCmd), (80 bytes).
    Removing stm32f0xx_rtc.o(i.RTC_WriteBackupRegister), (20 bytes).
    Removing stm32f0xx_rtc.o(i.RTC_WriteProtectionCmd), (24 bytes).
    Removing stm32f0xx_spi.o(.rev16_text), (4 bytes).
    Removing stm32f0xx_spi.o(.revsh_text), (4 bytes).
    Removing stm32f0xx_spi.o(i.I2S_Cmd), (28 bytes).
    Removing stm32f0xx_spi.o(i.I2S_Init), (156 bytes).
    Removing stm32f0xx_spi.o(i.I2S_StructInit), (18 bytes).
    Removing stm32f0xx_spi.o(i.SPI_BiDirectionalLineConfig), (28 bytes).
    Removing stm32f0xx_spi.o(i.SPI_CRCLengthConfig), (20 bytes).
    Removing stm32f0xx_spi.o(i.SPI_CalculateCRC), (28 bytes).
    Removing stm32f0xx_spi.o(i.SPI_Cmd), (18 bytes).
    Removing stm32f0xx_spi.o(i.SPI_DataSizeConfig), (16 bytes).
    Removing stm32f0xx_spi.o(i.SPI_GetCRC), (12 bytes).
    Removing stm32f0xx_spi.o(i.SPI_GetCRCPolynomial), (4 bytes).
    Removing stm32f0xx_spi.o(i.SPI_GetReceptionFIFOStatus), (10 bytes).
    Removing stm32f0xx_spi.o(i.SPI_GetTransmissionFIFOStatus), (10 bytes).
    Removing stm32f0xx_spi.o(i.SPI_I2S_ClearFlag), (6 bytes).
    Removing stm32f0xx_spi.o(i.SPI_I2S_DMACmd), (16 bytes).
    Removing stm32f0xx_spi.o(i.SPI_I2S_DeInit), (64 bytes).
    Removing stm32f0xx_spi.o(i.SPI_I2S_GetFlagStatus), (14 bytes).
    Removing stm32f0xx_spi.o(i.SPI_I2S_GetITStatus), (42 bytes).
    Removing stm32f0xx_spi.o(i.SPI_I2S_ITConfig), (24 bytes).
    Removing stm32f0xx_spi.o(i.SPI_I2S_ReceiveData16), (4 bytes).
    Removing stm32f0xx_spi.o(i.SPI_I2S_SendData16), (4 bytes).
    Removing stm32f0xx_spi.o(i.SPI_Init), (84 bytes).
    Removing stm32f0xx_spi.o(i.SPI_LastDMATransferCmd), (20 bytes).
    Removing stm32f0xx_spi.o(i.SPI_NSSInternalSoftwareConfig), (28 bytes).
    Removing stm32f0xx_spi.o(i.SPI_NSSPulseModeCmd), (18 bytes).
    Removing stm32f0xx_spi.o(i.SPI_ReceiveData8), (4 bytes).
    Removing stm32f0xx_spi.o(i.SPI_RxFIFOThresholdConfig), (20 bytes).
    Removing stm32f0xx_spi.o(i.SPI_SSOutputCmd), (18 bytes).
    Removing stm32f0xx_spi.o(i.SPI_SendData8), (4 bytes).
    Removing stm32f0xx_spi.o(i.SPI_StructInit), (28 bytes).
    Removing stm32f0xx_spi.o(i.SPI_TIModeCmd), (18 bytes).
    Removing stm32f0xx_spi.o(i.SPI_TransmitCRC), (12 bytes).
    Removing stm32f0xx_syscfg.o(.rev16_text), (4 bytes).
    Removing stm32f0xx_syscfg.o(.revsh_text), (4 bytes).
    Removing stm32f0xx_syscfg.o(i.SYSCFG_BreakConfig), (16 bytes).
    Removing stm32f0xx_syscfg.o(i.SYSCFG_ClearFlag), (16 bytes).
    Removing stm32f0xx_syscfg.o(i.SYSCFG_DMAChannelRemapConfig), (24 bytes).
    Removing stm32f0xx_syscfg.o(i.SYSCFG_DeInit), (36 bytes).
    Removing stm32f0xx_syscfg.o(i.SYSCFG_EXTILineConfig), (40 bytes).
    Removing stm32f0xx_syscfg.o(i.SYSCFG_GetFlagStatus), (20 bytes).
    Removing stm32f0xx_syscfg.o(i.SYSCFG_GetPendingIT), (24 bytes).
    Removing stm32f0xx_syscfg.o(i.SYSCFG_I2CFastModePlusConfig), (24 bytes).
    Removing stm32f0xx_syscfg.o(i.SYSCFG_IRDAEnvSelection), (24 bytes).
    Removing stm32f0xx_syscfg.o(i.SYSCFG_MemoryRemapConfig), (20 bytes).
    Removing stm32f0xx_tim.o(.rev16_text), (4 bytes).
    Removing stm32f0xx_tim.o(.revsh_text), (4 bytes).
    Removing stm32f0xx_tim.o(i.TI1_Config), (40 bytes).
    Removing stm32f0xx_tim.o(i.TI2_Config), (48 bytes).
    Removing stm32f0xx_tim.o(i.TIM_BDTRConfig), (34 bytes).
    Removing stm32f0xx_tim.o(i.TIM_BDTRStructInit), (18 bytes).
    Removing stm32f0xx_tim.o(i.TIM_CCPreloadControl), (20 bytes).
    Removing stm32f0xx_tim.o(i.TIM_CCxCmd), (22 bytes).
    Removing stm32f0xx_tim.o(i.TIM_CCxNCmd), (22 bytes).
    Removing stm32f0xx_tim.o(i.TIM_ClearFlag), (6 bytes).
    Removing stm32f0xx_tim.o(i.TIM_ClearOC1Ref), (12 bytes).
    Removing stm32f0xx_tim.o(i.TIM_ClearOC2Ref), (14 bytes).
    Removing stm32f0xx_tim.o(i.TIM_ClearOC3Ref), (12 bytes).
    Removing stm32f0xx_tim.o(i.TIM_ClearOC4Ref), (14 bytes).
    Removing stm32f0xx_tim.o(i.TIM_CounterModeConfig), (12 bytes).
    Removing stm32f0xx_tim.o(i.TIM_DMACmd), (16 bytes).
    Removing stm32f0xx_tim.o(i.TIM_DMAConfig), (8 bytes).
    Removing stm32f0xx_tim.o(i.TIM_ETRClockMode1Config), (28 bytes).
    Removing stm32f0xx_tim.o(i.TIM_ETRClockMode2Config), (20 bytes).
    Removing stm32f0xx_tim.o(i.TIM_ETRConfig), (18 bytes).
    Removing stm32f0xx_tim.o(i.TIM_EncoderInterfaceConfig), (48 bytes).
    Removing stm32f0xx_tim.o(i.TIM_ForcedOC1Config), (12 bytes).
    Removing stm32f0xx_tim.o(i.TIM_ForcedOC2Config), (20 bytes).
    Removing stm32f0xx_tim.o(i.TIM_ForcedOC3Config), (12 bytes).
    Removing stm32f0xx_tim.o(i.TIM_ForcedOC4Config), (20 bytes).
    Removing stm32f0xx_tim.o(i.TIM_GenerateEvent), (4 bytes).
    Removing stm32f0xx_tim.o(i.TIM_GetCapture1), (4 bytes).
    Removing stm32f0xx_tim.o(i.TIM_GetCapture2), (4 bytes).
    Removing stm32f0xx_tim.o(i.TIM_GetCapture3), (4 bytes).
    Removing stm32f0xx_tim.o(i.TIM_GetCapture4), (4 bytes).
    Removing stm32f0xx_tim.o(i.TIM_GetCounter), (4 bytes).
    Removing stm32f0xx_tim.o(i.TIM_GetFlagStatus), (14 bytes).
    Removing stm32f0xx_tim.o(i.TIM_GetPrescaler), (4 bytes).
    Removing stm32f0xx_tim.o(i.TIM_ICInit), (184 bytes).
    Removing stm32f0xx_tim.o(i.TIM_ICStructInit), (16 bytes).
    Removing stm32f0xx_tim.o(i.TIM_ITRxExternalClockConfig), (18 bytes).
    Removing stm32f0xx_tim.o(i.TIM_InternalClockConfig), (10 bytes).
    Removing stm32f0xx_tim.o(i.TIM_OC1FastConfig), (12 bytes).
    Removing stm32f0xx_tim.o(i.TIM_OC1NPolarityConfig), (12 bytes).
    Removing stm32f0xx_tim.o(i.TIM_OC1PolarityConfig), (12 bytes).
    Removing stm32f0xx_tim.o(i.TIM_OC2FastConfig), (20 bytes).
    Removing stm32f0xx_tim.o(i.TIM_OC2NPolarityConfig), (14 bytes).
    Removing stm32f0xx_tim.o(i.TIM_OC2PolarityConfig), (14 bytes).
    Removing stm32f0xx_tim.o(i.TIM_OC3FastConfig), (12 bytes).
    Removing stm32f0xx_tim.o(i.TIM_OC3NPolarityConfig), (20 bytes).
    Removing stm32f0xx_tim.o(i.TIM_OC3PolarityConfig), (20 bytes).
    Removing stm32f0xx_tim.o(i.TIM_OC4FastConfig), (20 bytes).
    Removing stm32f0xx_tim.o(i.TIM_OC4Init), (100 bytes).
    Removing stm32f0xx_tim.o(i.TIM_OC4PolarityConfig), (20 bytes).
    Removing stm32f0xx_tim.o(i.TIM_OC4PreloadConfig), (20 bytes).
    Removing stm32f0xx_tim.o(i.TIM_OCStructInit), (20 bytes).
    Removing stm32f0xx_tim.o(i.TIM_PWMIConfig), (104 bytes).
    Removing stm32f0xx_tim.o(i.TIM_PrescalerConfig), (6 bytes).
    Removing stm32f0xx_tim.o(i.TIM_RemapConfig), (6 bytes).
    Removing stm32f0xx_tim.o(i.TIM_SelectCCDMA), (18 bytes).
    Removing stm32f0xx_tim.o(i.TIM_SelectCOM), (18 bytes).
    Removing stm32f0xx_tim.o(i.TIM_SelectHallSensor), (18 bytes).
    Removing stm32f0xx_tim.o(i.TIM_SelectOCREFClear), (16 bytes).
    Removing stm32f0xx_tim.o(i.TIM_SelectOCxM), (70 bytes).
    Removing stm32f0xx_tim.o(i.TIM_SelectOnePulseMode), (16 bytes).
    Removing stm32f0xx_tim.o(i.TIM_SetAutoreload), (4 bytes).
    Removing stm32f0xx_tim.o(i.TIM_SetClockDivision), (20 bytes).
    Removing stm32f0xx_tim.o(i.TIM_SetCompare4), (4 bytes).
    Removing stm32f0xx_tim.o(i.TIM_SetCounter), (4 bytes).
    Removing stm32f0xx_tim.o(i.TIM_SetIC1Prescaler), (16 bytes).
    Removing stm32f0xx_tim.o(i.TIM_SetIC2Prescaler), (24 bytes).
    Removing stm32f0xx_tim.o(i.TIM_SetIC3Prescaler), (16 bytes).
    Removing stm32f0xx_tim.o(i.TIM_SetIC4Prescaler), (24 bytes).
    Removing stm32f0xx_tim.o(i.TIM_TIxExternalClockConfig), (48 bytes).
    Removing stm32f0xx_tim.o(i.TIM_UpdateDisableConfig), (18 bytes).
    Removing stm32f0xx_tim.o(i.TIM_UpdateRequestConfig), (18 bytes).
    Removing stm32f0xx_usart.o(.rev16_text), (4 bytes).
    Removing stm32f0xx_usart.o(.revsh_text), (4 bytes).
    Removing stm32f0xx_usart.o(i.USART_AddressDetectionConfig), (16 bytes).
    Removing stm32f0xx_usart.o(i.USART_AutoBaudRateCmd), (20 bytes).
    Removing stm32f0xx_usart.o(i.USART_AutoBaudRateConfig), (18 bytes).
    Removing stm32f0xx_usart.o(i.USART_ClearFlag), (4 bytes).
    Removing stm32f0xx_usart.o(i.USART_ClearITPendingBit), (10 bytes).
    Removing stm32f0xx_usart.o(i.USART_ClockInit), (28 bytes).
    Removing stm32f0xx_usart.o(i.USART_ClockStructInit), (12 bytes).
    Removing stm32f0xx_usart.o(i.USART_Cmd), (20 bytes).
    Removing stm32f0xx_usart.o(i.USART_DECmd), (20 bytes).
    Removing stm32f0xx_usart.o(i.USART_DEPolarityConfig), (18 bytes).
    Removing stm32f0xx_usart.o(i.USART_DMACmd), (16 bytes).
    Removing stm32f0xx_usart.o(i.USART_DMAReceptionErrorConfig), (18 bytes).
    Removing stm32f0xx_usart.o(i.USART_DataInvCmd), (20 bytes).
    Removing stm32f0xx_usart.o(i.USART_DeInit), (184 bytes).
    Removing stm32f0xx_usart.o(i.USART_DirectionModeCmd), (16 bytes).
    Removing stm32f0xx_usart.o(i.USART_GetFlagStatus), (14 bytes).
    Removing stm32f0xx_usart.o(i.USART_GetITStatus), (56 bytes).
    Removing stm32f0xx_usart.o(i.USART_HalfDuplexCmd), (18 bytes).
    Removing stm32f0xx_usart.o(i.USART_ITConfig), (42 bytes).
    Removing stm32f0xx_usart.o(i.USART_Init), (168 bytes).
    Removing stm32f0xx_usart.o(i.USART_InvPinCmd), (16 bytes).
    Removing stm32f0xx_usart.o(i.USART_IrDACmd), (18 bytes).
    Removing stm32f0xx_usart.o(i.USART_IrDAConfig), (16 bytes).
    Removing stm32f0xx_usart.o(i.USART_LINBreakDetectLengthConfig), (16 bytes).
    Removing stm32f0xx_usart.o(i.USART_LINCmd), (20 bytes).
    Removing stm32f0xx_usart.o(i.USART_MSBFirstCmd), (20 bytes).
    Removing stm32f0xx_usart.o(i.USART_MuteModeCmd), (20 bytes).
    Removing stm32f0xx_usart.o(i.USART_MuteModeWakeUpConfig), (18 bytes).
    Removing stm32f0xx_usart.o(i.USART_OneBitMethodCmd), (20 bytes).
    Removing stm32f0xx_usart.o(i.USART_OverSampling8Cmd), (20 bytes).
    Removing stm32f0xx_usart.o(i.USART_OverrunDetectionConfig), (18 bytes).
    Removing stm32f0xx_usart.o(i.USART_ReceiveData), (8 bytes).
    Removing stm32f0xx_usart.o(i.USART_ReceiverTimeOutCmd), (20 bytes).
    Removing stm32f0xx_usart.o(i.USART_RequestCmd), (16 bytes).
    Removing stm32f0xx_usart.o(i.USART_STOPModeCmd), (18 bytes).
    Removing stm32f0xx_usart.o(i.USART_SWAPPinCmd), (20 bytes).
    Removing stm32f0xx_usart.o(i.USART_SendData), (8 bytes).
    Removing stm32f0xx_usart.o(i.USART_SetAddress), (18 bytes).
    Removing stm32f0xx_usart.o(i.USART_SetAutoRetryCount), (20 bytes).
    Removing stm32f0xx_usart.o(i.USART_SetBlockLength), (18 bytes).
    Removing stm32f0xx_usart.o(i.USART_SetDEAssertionTime), (20 bytes).
    Removing stm32f0xx_usart.o(i.USART_SetDEDeassertionTime), (20 bytes).
    Removing stm32f0xx_usart.o(i.USART_SetGuardTime), (16 bytes).
    Removing stm32f0xx_usart.o(i.USART_SetPrescaler), (16 bytes).
    Removing stm32f0xx_usart.o(i.USART_SetReceiverTimeOut), (16 bytes).
    Removing stm32f0xx_usart.o(i.USART_SmartCardCmd), (18 bytes).
    Removing stm32f0xx_usart.o(i.USART_SmartCardNACKCmd), (18 bytes).
    Removing stm32f0xx_usart.o(i.USART_StopModeWakeUpSourceConfig), (18 bytes).
    Removing stm32f0xx_usart.o(i.USART_StructInit), (22 bytes).
    Removing stm32f0xx_wwdg.o(.rev16_text), (4 bytes).
    Removing stm32f0xx_wwdg.o(.revsh_text), (4 bytes).
    Removing stm32f0xx_wwdg.o(i.WWDG_ClearFlag), (12 bytes).
    Removing stm32f0xx_wwdg.o(i.WWDG_DeInit), (22 bytes).
    Removing stm32f0xx_wwdg.o(i.WWDG_Enable), (16 bytes).
    Removing stm32f0xx_wwdg.o(i.WWDG_EnableIT), (16 bytes).
    Removing stm32f0xx_wwdg.o(i.WWDG_GetFlagStatus), (20 bytes).
    Removing stm32f0xx_wwdg.o(i.WWDG_SetCounter), (16 bytes).
    Removing stm32f0xx_wwdg.o(i.WWDG_SetPrescaler), (20 bytes).
    Removing stm32f0xx_wwdg.o(i.WWDG_SetWindowValue), (28 bytes).
    Removing system_stm32f0xx.o(.rev16_text), (4 bytes).
    Removing system_stm32f0xx.o(.revsh_text), (4 bytes).
    Removing system_stm32f0xx.o(i.SystemCoreClockUpdate), (108 bytes).
    Removing system_stm32f0xx.o(.data), (20 bytes).
    Removing startup_stm32f0xx_ld.o(HEAP), (512 bytes).

551 unused section(s) (total 16483 bytes) removed from the image.

==============================================================================

Image Symbol Table

    Local Symbols

    Symbol Name                              Value     Ov Type        Size  Object(Section)

    ../clib/microlib/division.c              0x00000000   Number         0  uidiv.o ABSOLUTE
    ../clib/microlib/init/entry.s            0x00000000   Number         0  entry8a.o ABSOLUTE
    ../clib/microlib/init/entry.s            0x00000000   Number         0  entry7b.o ABSOLUTE
    ../clib/microlib/init/entry.s            0x00000000   Number         0  entry7a.o ABSOLUTE
    ../clib/microlib/init/entry.s            0x00000000   Number         0  entry5.o ABSOLUTE
    ../clib/microlib/init/entry.s            0x00000000   Number         0  entry.o ABSOLUTE
    ../clib/microlib/init/entry.s            0x00000000   Number         0  entry9a.o ABSOLUTE
    ../clib/microlib/init/entry.s            0x00000000   Number         0  entry9b.o ABSOLUTE
    ../clib/microlib/init/entry.s            0x00000000   Number         0  entry10a.o ABSOLUTE
    ../clib/microlib/init/entry.s            0x00000000   Number         0  entry10b.o ABSOLUTE
    ../clib/microlib/init/entry.s            0x00000000   Number         0  entry11a.o ABSOLUTE
    ../clib/microlib/init/entry.s            0x00000000   Number         0  entry11b.o ABSOLUTE
    ../clib/microlib/init/entry.s            0x00000000   Number         0  entry8b.o ABSOLUTE
    ../clib/microlib/init/entry.s            0x00000000   Number         0  entry2.o ABSOLUTE
    ../clib/microlib/stubs.s                 0x00000000   Number         0  iusefp.o ABSOLUTE
    ../clib/microlib/unhosted.c              0x00000000   Number         0  uread4.o ABSOLUTE
    ../fplib/microlib/fpadd.c                0x00000000   Number         0  fadd.o ABSOLUTE
    ../fplib/microlib/fpdiv.c                0x00000000   Number         0  fdiv.o ABSOLUTE
    ../fplib/microlib/fpepilogue.c           0x00000000   Number         0  fepilogue.o ABSOLUTE
    ../fplib/microlib/fpfix.c                0x00000000   Number         0  ffixi.o ABSOLUTE
    ../fplib/microlib/fpflt.c                0x00000000   Number         0  ffltui.o ABSOLUTE
    ../fplib/microlib/fpscalb.c              0x00000000   Number         0  fscalb.o ABSOLUTE
    ..\Libraries\CMSIS\Device\ST\STM32F0xx\Source\Templates\arm\startup_stm32f0xx_ld.s 0x00000000   Number         0  startup_stm32f0xx_ld.o ABSOLUTE
    ..\Libraries\STM32F0xx_StdPeriph_Driver\src\stm32f0xx_adc.c 0x00000000   Number         0  stm32f0xx_adc.o ABSOLUTE
    ..\Libraries\STM32F0xx_StdPeriph_Driver\src\stm32f0xx_can.c 0x00000000   Number         0  stm32f0xx_can.o ABSOLUTE
    ..\Libraries\STM32F0xx_StdPeriph_Driver\src\stm32f0xx_cec.c 0x00000000   Number         0  stm32f0xx_cec.o ABSOLUTE
    ..\Libraries\STM32F0xx_StdPeriph_Driver\src\stm32f0xx_comp.c 0x00000000   Number         0  stm32f0xx_comp.o ABSOLUTE
    ..\Libraries\STM32F0xx_StdPeriph_Driver\src\stm32f0xx_crc.c 0x00000000   Number         0  stm32f0xx_crc.o ABSOLUTE
    ..\Libraries\STM32F0xx_StdPeriph_Driver\src\stm32f0xx_crs.c 0x00000000   Number         0  stm32f0xx_crs.o ABSOLUTE
    ..\Libraries\STM32F0xx_StdPeriph_Driver\src\stm32f0xx_dac.c 0x00000000   Number         0  stm32f0xx_dac.o ABSOLUTE
    ..\Libraries\STM32F0xx_StdPeriph_Driver\src\stm32f0xx_dbgmcu.c 0x00000000   Number         0  stm32f0xx_dbgmcu.o ABSOLUTE
    ..\Libraries\STM32F0xx_StdPeriph_Driver\src\stm32f0xx_dma.c 0x00000000   Number         0  stm32f0xx_dma.o ABSOLUTE
    ..\Libraries\STM32F0xx_StdPeriph_Driver\src\stm32f0xx_exti.c 0x00000000   Number         0  stm32f0xx_exti.o ABSOLUTE
    ..\Libraries\STM32F0xx_StdPeriph_Driver\src\stm32f0xx_flash.c 0x00000000   Number         0  stm32f0xx_flash.o ABSOLUTE
    ..\Libraries\STM32F0xx_StdPeriph_Driver\src\stm32f0xx_gpio.c 0x00000000   Number         0  stm32f0xx_gpio.o ABSOLUTE
    ..\Libraries\STM32F0xx_StdPeriph_Driver\src\stm32f0xx_i2c.c 0x00000000   Number         0  stm32f0xx_i2c.o ABSOLUTE
    ..\Libraries\STM32F0xx_StdPeriph_Driver\src\stm32f0xx_iwdg.c 0x00000000   Number         0  stm32f0xx_iwdg.o ABSOLUTE
    ..\Libraries\STM32F0xx_StdPeriph_Driver\src\stm32f0xx_misc.c 0x00000000   Number         0  stm32f0xx_misc.o ABSOLUTE
    ..\Libraries\STM32F0xx_StdPeriph_Driver\src\stm32f0xx_pwr.c 0x00000000   Number         0  stm32f0xx_pwr.o ABSOLUTE
    ..\Libraries\STM32F0xx_StdPeriph_Driver\src\stm32f0xx_rcc.c 0x00000000   Number         0  stm32f0xx_rcc.o ABSOLUTE
    ..\Libraries\STM32F0xx_StdPeriph_Driver\src\stm32f0xx_rtc.c 0x00000000   Number         0  stm32f0xx_rtc.o ABSOLUTE
    ..\Libraries\STM32F0xx_StdPeriph_Driver\src\stm32f0xx_spi.c 0x00000000   Number         0  stm32f0xx_spi.o ABSOLUTE
    ..\Libraries\STM32F0xx_StdPeriph_Driver\src\stm32f0xx_syscfg.c 0x00000000   Number         0  stm32f0xx_syscfg.o ABSOLUTE
    ..\Libraries\STM32F0xx_StdPeriph_Driver\src\stm32f0xx_tim.c 0x00000000   Number         0  stm32f0xx_tim.o ABSOLUTE
    ..\Libraries\STM32F0xx_StdPeriph_Driver\src\stm32f0xx_usart.c 0x00000000   Number         0  stm32f0xx_usart.o ABSOLUTE
    ..\Libraries\STM32F0xx_StdPeriph_Driver\src\stm32f0xx_wwdg.c 0x00000000   Number         0  stm32f0xx_wwdg.o ABSOLUTE
    ..\\Libraries\\STM32F0xx_StdPeriph_Driver\\src\\stm32f0xx_adc.c 0x00000000   Number         0  stm32f0xx_adc.o ABSOLUTE
    ..\\Libraries\\STM32F0xx_StdPeriph_Driver\\src\\stm32f0xx_can.c 0x00000000   Number         0  stm32f0xx_can.o ABSOLUTE
    ..\\Libraries\\STM32F0xx_StdPeriph_Driver\\src\\stm32f0xx_cec.c 0x00000000   Number         0  stm32f0xx_cec.o ABSOLUTE
    ..\\Libraries\\STM32F0xx_StdPeriph_Driver\\src\\stm32f0xx_comp.c 0x00000000   Number         0  stm32f0xx_comp.o ABSOLUTE
    ..\\Libraries\\STM32F0xx_StdPeriph_Driver\\src\\stm32f0xx_crc.c 0x00000000   Number         0  stm32f0xx_crc.o ABSOLUTE
    ..\\Libraries\\STM32F0xx_StdPeriph_Driver\\src\\stm32f0xx_crs.c 0x00000000   Number         0  stm32f0xx_crs.o ABSOLUTE
    ..\\Libraries\\STM32F0xx_StdPeriph_Driver\\src\\stm32f0xx_dac.c 0x00000000   Number         0  stm32f0xx_dac.o ABSOLUTE
    ..\\Libraries\\STM32F0xx_StdPeriph_Driver\\src\\stm32f0xx_dbgmcu.c 0x00000000   Number         0  stm32f0xx_dbgmcu.o ABSOLUTE
    ..\\Libraries\\STM32F0xx_StdPeriph_Driver\\src\\stm32f0xx_dma.c 0x00000000   Number         0  stm32f0xx_dma.o ABSOLUTE
    ..\\Libraries\\STM32F0xx_StdPeriph_Driver\\src\\stm32f0xx_exti.c 0x00000000   Number         0  stm32f0xx_exti.o ABSOLUTE
    ..\\Libraries\\STM32F0xx_StdPeriph_Driver\\src\\stm32f0xx_flash.c 0x00000000   Number         0  stm32f0xx_flash.o ABSOLUTE
    ..\\Libraries\\STM32F0xx_StdPeriph_Driver\\src\\stm32f0xx_gpio.c 0x00000000   Number         0  stm32f0xx_gpio.o ABSOLUTE
    ..\\Libraries\\STM32F0xx_StdPeriph_Driver\\src\\stm32f0xx_i2c.c 0x00000000   Number         0  stm32f0xx_i2c.o ABSOLUTE
    ..\\Libraries\\STM32F0xx_StdPeriph_Driver\\src\\stm32f0xx_iwdg.c 0x00000000   Number         0  stm32f0xx_iwdg.o ABSOLUTE
    ..\\Libraries\\STM32F0xx_StdPeriph_Driver\\src\\stm32f0xx_misc.c 0x00000000   Number         0  stm32f0xx_misc.o ABSOLUTE
    ..\\Libraries\\STM32F0xx_StdPeriph_Driver\\src\\stm32f0xx_pwr.c 0x00000000   Number         0  stm32f0xx_pwr.o ABSOLUTE
    ..\\Libraries\\STM32F0xx_StdPeriph_Driver\\src\\stm32f0xx_rcc.c 0x00000000   Number         0  stm32f0xx_rcc.o ABSOLUTE
    ..\\Libraries\\STM32F0xx_StdPeriph_Driver\\src\\stm32f0xx_rtc.c 0x00000000   Number         0  stm32f0xx_rtc.o ABSOLUTE
    ..\\Libraries\\STM32F0xx_StdPeriph_Driver\\src\\stm32f0xx_spi.c 0x00000000   Number         0  stm32f0xx_spi.o ABSOLUTE
    ..\\Libraries\\STM32F0xx_StdPeriph_Driver\\src\\stm32f0xx_syscfg.c 0x00000000   Number         0  stm32f0xx_syscfg.o ABSOLUTE
    ..\\Libraries\\STM32F0xx_StdPeriph_Driver\\src\\stm32f0xx_tim.c 0x00000000   Number         0  stm32f0xx_tim.o ABSOLUTE
    ..\\Libraries\\STM32F0xx_StdPeriph_Driver\\src\\stm32f0xx_usart.c 0x00000000   Number         0  stm32f0xx_usart.o ABSOLUTE
    ..\\Libraries\\STM32F0xx_StdPeriph_Driver\\src\\stm32f0xx_wwdg.c 0x00000000   Number         0  stm32f0xx_wwdg.o ABSOLUTE
    ..\\process.c                            0x00000000   Number         0  process.o ABSOLUTE
    ..\\stm32f0xx_it.c                       0x00000000   Number         0  stm32f0xx_it.o ABSOLUTE
    ..\\system_stm32f0xx.c                   0x00000000   Number         0  system_stm32f0xx.o ABSOLUTE
    ..\process.c                             0x00000000   Number         0  process.o ABSOLUTE
    ..\stm32f0xx_it.c                        0x00000000   Number         0  stm32f0xx_it.o ABSOLUTE
    ..\system_stm32f0xx.c                    0x00000000   Number         0  system_stm32f0xx.o ABSOLUTE
    cfcmple.s                                0x00000000   Number         0  cfcmple.o ABSOLUTE
    cfrcmple.s                               0x00000000   Number         0  cfrcmple.o ABSOLUTE
    dc.s                                     0x00000000   Number         0  dc.o ABSOLUTE
    handlers.s                               0x00000000   Number         0  handlers.o ABSOLUTE
    init.s                                   0x00000000   Number         0  init.o ABSOLUTE
    main.c                                   0x00000000   Number         0  main.o ABSOLUTE
    main.c                                   0x00000000   Number         0  main.o ABSOLUTE
    RESET                                    0x08000000   Section      176  startup_stm32f0xx_ld.o(RESET)
    .ARM.Collect$$$$00000000                 0x080000b0   Section        0  entry.o(.ARM.Collect$$$$00000000)
    .ARM.Collect$$$$00000001                 0x080000b0   Section        4  entry2.o(.ARM.Collect$$$$00000001)
    .ARM.Collect$$$$00000004                 0x080000b4   Section        4  entry5.o(.ARM.Collect$$$$00000004)
    .ARM.Collect$$$$00000008                 0x080000b8   Section        0  entry7b.o(.ARM.Collect$$$$00000008)
    .ARM.Collect$$$$0000000A                 0x080000b8   Section        0  entry8b.o(.ARM.Collect$$$$0000000A)
    .ARM.Collect$$$$0000000B                 0x080000b8   Section        8  entry9a.o(.ARM.Collect$$$$0000000B)
    .ARM.Collect$$$$0000000D                 0x080000c0   Section        0  entry10a.o(.ARM.Collect$$$$0000000D)
    .ARM.Collect$$$$0000000F                 0x080000c0   Section        0  entry11a.o(.ARM.Collect$$$$0000000F)
    .ARM.Collect$$$$00002712                 0x080000c0   Section        4  entry2.o(.ARM.Collect$$$$00002712)
    __lit__00000000                          0x080000c0   Data           4  entry2.o(.ARM.Collect$$$$00002712)
    .text                                    0x080000c4   Section       88  startup_stm32f0xx_ld.o(.text)
    .text                                    0x0800011c   Section        0  uidiv.o(.text)
    .text                                    0x08000148   Section        0  fadd.o(.text)
    .text                                    0x080001fa   Section        0  fdiv.o(.text)
    .text                                    0x08000276   Section        0  fscalb.o(.text)
    .text                                    0x0800028e   Section        0  ffltui.o(.text)
    .text                                    0x0800029c   Section        0  ffixi.o(.text)
    .text                                    0x080002d0   Section       20  cfcmple.o(.text)
    .text                                    0x080002e4   Section       20  cfrcmple.o(.text)
    .text                                    0x080002f8   Section        0  fepilogue.o(.text)
    .text                                    0x080002f8   Section        0  iusefp.o(.text)
    .text                                    0x0800037c   Section       36  init.o(.text)
    i.ADC_ChannelConfig                      0x080003a0   Section        0  stm32f0xx_adc.o(i.ADC_ChannelConfig)
    i.ADC_Cmd                                0x080003aa   Section        0  stm32f0xx_adc.o(i.ADC_Cmd)
    i.ADC_DMACmd                             0x080003bc   Section        0  stm32f0xx_adc.o(i.ADC_DMACmd)
    i.ADC_DMARequestModeConfig               0x080003d0   Section        0  stm32f0xx_adc.o(i.ADC_DMARequestModeConfig)
    i.ADC_DeInit                             0x080003e0   Section        0  stm32f0xx_adc.o(i.ADC_DeInit)
    i.ADC_GetCalibrationFactor               0x08000400   Section        0  stm32f0xx_adc.o(i.ADC_GetCalibrationFactor)
    i.ADC_GetFlagStatus                      0x0800042e   Section        0  stm32f0xx_adc.o(i.ADC_GetFlagStatus)
    i.ADC_Init                               0x0800044c   Section        0  stm32f0xx_adc.o(i.ADC_Init)
    i.ADC_OverrunModeCmd                     0x08000478   Section        0  stm32f0xx_adc.o(i.ADC_OverrunModeCmd)
    i.ADC_StartOfConversion                  0x0800048c   Section        0  stm32f0xx_adc.o(i.ADC_StartOfConversion)
    i.ADC_StructInit                         0x08000496   Section        0  stm32f0xx_adc.o(i.ADC_StructInit)
    i.DMA1_Channel1_IRQHandler               0x080004a8   Section        0  main.o(i.DMA1_Channel1_IRQHandler)
    i.DMA_ClearITPendingBit                  0x08000504   Section        0  stm32f0xx_dma.o(i.DMA_ClearITPendingBit)
    i.DMA_Cmd                                0x0800051c   Section        0  stm32f0xx_dma.o(i.DMA_Cmd)
    i.DMA_DeInit                             0x08000534   Section        0  stm32f0xx_dma.o(i.DMA_DeInit)
    i.DMA_GetITStatus                        0x080005f4   Section        0  stm32f0xx_dma.o(i.DMA_GetITStatus)
    i.DMA_ITConfig                           0x08000614   Section        0  stm32f0xx_dma.o(i.DMA_ITConfig)
    i.DMA_Init                               0x08000624   Section        0  stm32f0xx_dma.o(i.DMA_Init)
    i.DMA_StructInit                         0x08000660   Section        0  stm32f0xx_dma.o(i.DMA_StructInit)
    i.DataProcess                            0x0800067c   Section        0  process.o(i.DataProcess)
    i.DelaymsSet                             0x0800070c   Section        0  main.o(i.DelaymsSet)
    i.FLASH_ClearFlag                        0x08000718   Section        0  stm32f0xx_flash.o(i.FLASH_ClearFlag)
    i.FLASH_ErasePage                        0x08000724   Section        0  stm32f0xx_flash.o(i.FLASH_ErasePage)
    i.FLASH_GetStatus                        0x0800075c   Section        0  stm32f0xx_flash.o(i.FLASH_GetStatus)
    i.FLASH_Lock                             0x08000784   Section        0  stm32f0xx_flash.o(i.FLASH_Lock)
    i.FLASH_ProgramWord                      0x08000794   Section        0  stm32f0xx_flash.o(i.FLASH_ProgramWord)
    i.FLASH_Unlock                           0x080007e0   Section        0  stm32f0xx_flash.o(i.FLASH_Unlock)
    i.FLASH_WaitForLastOperation             0x08000800   Section        0  stm32f0xx_flash.o(i.FLASH_WaitForLastOperation)
    i.GPIO_DEINIT_ALL                        0x08000824   Section        0  main.o(i.GPIO_DEINIT_ALL)
    i.GPIO_INIT                              0x08000890   Section        0  main.o(i.GPIO_INIT)
    i.GPIO_Init                              0x080008ec   Section        0  stm32f0xx_gpio.o(i.GPIO_Init)
    i.GPIO_PinAFConfig                       0x0800095c   Section        0  stm32f0xx_gpio.o(i.GPIO_PinAFConfig)
    i.GPIO_ReadInputDataBit                  0x0800097c   Section        0  stm32f0xx_gpio.o(i.GPIO_ReadInputDataBit)
    i.GPIO_StructInit                        0x0800098c   Section        0  stm32f0xx_gpio.o(i.GPIO_StructInit)
    i.GPIO_WriteBit                          0x080009a4   Section        0  stm32f0xx_gpio.o(i.GPIO_WriteBit)
    i.GetRegisterAState                      0x080009b0   Section        0  process.o(i.GetRegisterAState)
    i.HardFault_Handler                      0x080009f8   Section        0  stm32f0xx_it.o(i.HardFault_Handler)
    i.NMI_Handler                            0x080009fa   Section        0  stm32f0xx_it.o(i.NMI_Handler)
    i.NVIC_Init                              0x080009fc   Section        0  stm32f0xx_misc.o(i.NVIC_Init)
    i.PendSV_Handler                         0x08000a4c   Section        0  stm32f0xx_it.o(i.PendSV_Handler)
    i.RCC_ADCCLKConfig                       0x08000a50   Section        0  stm32f0xx_rcc.o(i.RCC_ADCCLKConfig)
    i.RCC_AHBPeriphClockCmd                  0x08000a7c   Section        0  stm32f0xx_rcc.o(i.RCC_AHBPeriphClockCmd)
    i.RCC_APB1PeriphClockCmd                 0x08000a94   Section        0  stm32f0xx_rcc.o(i.RCC_APB1PeriphClockCmd)
    i.RCC_APB1PeriphResetCmd                 0x08000aac   Section        0  stm32f0xx_rcc.o(i.RCC_APB1PeriphResetCmd)
    i.RCC_APB2PeriphClockCmd                 0x08000ac4   Section        0  stm32f0xx_rcc.o(i.RCC_APB2PeriphClockCmd)
    i.RCC_APB2PeriphResetCmd                 0x08000adc   Section        0  stm32f0xx_rcc.o(i.RCC_APB2PeriphResetCmd)
    i.RCC_Configuration                      0x08000af4   Section        0  main.o(i.RCC_Configuration)
    i.RCC_GetClocksFreq                      0x08000b28   Section        0  stm32f0xx_rcc.o(i.RCC_GetClocksFreq)
    i.RCC_GetFlagStatus                      0x08000ca0   Section        0  stm32f0xx_rcc.o(i.RCC_GetFlagStatus)
    i.RCC_GetSYSCLKSource                    0x08000cd4   Section        0  stm32f0xx_rcc.o(i.RCC_GetSYSCLKSource)
    i.RCC_PLLCmd                             0x08000ce4   Section        0  stm32f0xx_rcc.o(i.RCC_PLLCmd)
    i.RCC_PLLConfig                          0x08000d00   Section        0  stm32f0xx_rcc.o(i.RCC_PLLConfig)
    i.RCC_SYSCLKConfig                       0x08000d1c   Section        0  stm32f0xx_rcc.o(i.RCC_SYSCLKConfig)
    i.Read_KG                                0x08000d30   Section        0  process.o(i.Read_KG)
    i.Read_Value                             0x08000d44   Section        0  process.o(i.Read_Value)
    i.SVC_Handler                            0x08000db8   Section        0  stm32f0xx_it.o(i.SVC_Handler)
    i.SelfLearning                           0x08000dbc   Section        0  process.o(i.SelfLearning)
    i.SetOut                                 0x08000fb4   Section        0  process.o(i.SetOut)
    i.SetSysClock                            0x08000fd0   Section        0  system_stm32f0xx.o(i.SetSysClock)
    SetSysClock                              0x08000fd1   Thumb Code   142  system_stm32f0xx.o(i.SetSysClock)
    i.ShortCircuitProtection                 0x08001068   Section        0  process.o(i.ShortCircuitProtection)
    i.SysTick_Handler                        0x080010ac   Section        0  stm32f0xx_it.o(i.SysTick_Handler)
    i.SystemInit                             0x080010b0   Section        0  system_stm32f0xx.o(i.SystemInit)
    i.TIM1_BRK_UP_TRG_COM_IRQHandler         0x08001110   Section        0  main.o(i.TIM1_BRK_UP_TRG_COM_IRQHandler)
    i.TIM2_IRQHandler                        0x080011a8   Section        0  main.o(i.TIM2_IRQHandler)
    i.TIM3_IRQHandler                        0x080011c4   Section        0  main.o(i.TIM3_IRQHandler)
    i.TIM_ARRPreloadConfig                   0x08001208   Section        0  stm32f0xx_tim.o(i.TIM_ARRPreloadConfig)
    i.TIM_ClearITPendingBit                  0x0800121a   Section        0  stm32f0xx_tim.o(i.TIM_ClearITPendingBit)
    i.TIM_Cmd                                0x08001220   Section        0  stm32f0xx_tim.o(i.TIM_Cmd)
    i.TIM_CtrlPWMOutputs                     0x08001234   Section        0  stm32f0xx_tim.o(i.TIM_CtrlPWMOutputs)
    i.TIM_DeInit                             0x0800124c   Section        0  stm32f0xx_tim.o(i.TIM_DeInit)
    i.TIM_GetITStatus                        0x08001318   Section        0  stm32f0xx_tim.o(i.TIM_GetITStatus)
    i.TIM_ITConfig                           0x08001330   Section        0  stm32f0xx_tim.o(i.TIM_ITConfig)
    i.TIM_OC1Init                            0x08001340   Section        0  stm32f0xx_tim.o(i.TIM_OC1Init)
    i.TIM_OC1PreloadConfig                   0x080013bc   Section        0  stm32f0xx_tim.o(i.TIM_OC1PreloadConfig)
    i.TIM_OC2Init                            0x080013c8   Section        0  stm32f0xx_tim.o(i.TIM_OC2Init)
    i.TIM_OC2PreloadConfig                   0x08001458   Section        0  stm32f0xx_tim.o(i.TIM_OC2PreloadConfig)
    i.TIM_OC3Init                            0x0800146c   Section        0  stm32f0xx_tim.o(i.TIM_OC3Init)
    i.TIM_OC3PreloadConfig                   0x080014f4   Section        0  stm32f0xx_tim.o(i.TIM_OC3PreloadConfig)
    i.TIM_SelectInputTrigger                 0x08001500   Section        0  stm32f0xx_tim.o(i.TIM_SelectInputTrigger)
    i.TIM_SelectMasterSlaveMode              0x0800150c   Section        0  stm32f0xx_tim.o(i.TIM_SelectMasterSlaveMode)
    i.TIM_SelectOutputTrigger                0x0800151c   Section        0  stm32f0xx_tim.o(i.TIM_SelectOutputTrigger)
    i.TIM_SelectSlaveMode                    0x0800152c   Section        0  stm32f0xx_tim.o(i.TIM_SelectSlaveMode)
    i.TIM_SetCompare1                        0x0800153c   Section        0  stm32f0xx_tim.o(i.TIM_SetCompare1)
    i.TIM_SetCompare2                        0x08001540   Section        0  stm32f0xx_tim.o(i.TIM_SetCompare2)
    i.TIM_SetCompare3                        0x08001544   Section        0  stm32f0xx_tim.o(i.TIM_SetCompare3)
    i.TIM_TimeBaseInit                       0x08001548   Section        0  stm32f0xx_tim.o(i.TIM_TimeBaseInit)
    i.TIM_TimeBaseStructInit                 0x080015bc   Section        0  stm32f0xx_tim.o(i.TIM_TimeBaseStructInit)
    i.WriteFlash                             0x080015d0   Section        0  process.o(i.WriteFlash)
    i.__scatterload_copy                     0x08001604   Section       14  handlers.o(i.__scatterload_copy)
    i.__scatterload_null                     0x08001612   Section        2  handlers.o(i.__scatterload_null)
    i.__scatterload_zeroinit                 0x08001614   Section       14  handlers.o(i.__scatterload_zeroinit)
    i.adc_config                             0x08001624   Section        0  main.o(i.adc_config)
    i.adc_dma_init                           0x080016ac   Section        0  main.o(i.adc_dma_init)
    i.adc_gpio_init                          0x0800172c   Section        0  main.o(i.adc_gpio_init)
    i.adc_timer_init                         0x08001758   Section        0  main.o(i.adc_timer_init)
    i.main                                   0x08001950   Section        0  main.o(i.main)
    i.printFlashTest                         0x08001980   Section        0  process.o(i.printFlashTest)
    i.scan_key                               0x080019bc   Section        0  process.o(i.scan_key)
    i.user_adc_init                          0x080019f4   Section        0  main.o(i.user_adc_init)
    .data                                    0x20000000   Section        4  main.o(.data)
    .data                                    0x20000004   Section      100  process.o(.data)
    .data                                    0x20000068   Section        2  process.o(.data)
    .data                                    0x2000006a   Section       16  stm32f0xx_rcc.o(.data)
    APBAHBPrescTable                         0x2000006a   Data          16  stm32f0xx_rcc.o(.data)
    .bss                                     0x2000007c   Section       76  main.o(.bss)
    .bss                                     0x200000c8   Section       48  process.o(.bss)
    STACK                                    0x200000f8   Section     1024  startup_stm32f0xx_ld.o(STACK)

    Global Symbols

    Symbol Name                              Value     Ov Type        Size  Object(Section)

    BuildAttributes$$THM_ISAv3M$S$PE$A:L22$X:L11$S22$IEEE1$IW$USESV6$~STKCKD$USESV7$~SHL$OTIME$ROPI$EBA8$MICROLIB$REQ8$PRES8$EABIv2 0x00000000   Number         0  anon$$obj.o ABSOLUTE
    __ARM_use_no_argv                        0x00000000   Number         0  main.o ABSOLUTE
    __cpp_initialize__aeabi_                  - Undefined Weak Reference
    __cxa_finalize                            - Undefined Weak Reference
    __decompress                              - Undefined Weak Reference
    _clock_init                               - Undefined Weak Reference
    _microlib_exit                            - Undefined Weak Reference
    __Vectors_Size                           0x000000b0   Number         0  startup_stm32f0xx_ld.o ABSOLUTE
    __Vectors                                0x08000000   Data           4  startup_stm32f0xx_ld.o(RESET)
    __Vectors_End                            0x080000b0   Data           0  startup_stm32f0xx_ld.o(RESET)
    __main                                   0x080000b1   Thumb Code     0  entry.o(.ARM.Collect$$$$00000000)
    _main_stk                                0x080000b1   Thumb Code     0  entry2.o(.ARM.Collect$$$$00000001)
    _main_scatterload                        0x080000b5   Thumb Code     0  entry5.o(.ARM.Collect$$$$00000004)
    __main_after_scatterload                 0x080000b9   Thumb Code     0  entry5.o(.ARM.Collect$$$$00000004)
    _main_clock                              0x080000b9   Thumb Code     0  entry7b.o(.ARM.Collect$$$$00000008)
    _main_cpp_init                           0x080000b9   Thumb Code     0  entry8b.o(.ARM.Collect$$$$0000000A)
    _main_init                               0x080000b9   Thumb Code     0  entry9a.o(.ARM.Collect$$$$0000000B)
    __rt_final_cpp                           0x080000c1   Thumb Code     0  entry10a.o(.ARM.Collect$$$$0000000D)
    __rt_final_exit                          0x080000c1   Thumb Code     0  entry11a.o(.ARM.Collect$$$$0000000F)
    Reset_Handler                            0x080000c5   Thumb Code    38  startup_stm32f0xx_ld.o(.text)
    ADC1_IRQHandler                          0x080000f5   Thumb Code     0  startup_stm32f0xx_ld.o(.text)
    DMA1_Channel2_3_IRQHandler               0x080000f5   Thumb Code     0  startup_stm32f0xx_ld.o(.text)
    DMA1_Channel4_5_IRQHandler               0x080000f5   Thumb Code     0  startup_stm32f0xx_ld.o(.text)
    EXTI0_1_IRQHandler                       0x080000f5   Thumb Code     0  startup_stm32f0xx_ld.o(.text)
    EXTI2_3_IRQHandler                       0x080000f5   Thumb Code     0  startup_stm32f0xx_ld.o(.text)
    EXTI4_15_IRQHandler                      0x080000f5   Thumb Code     0  startup_stm32f0xx_ld.o(.text)
    FLASH_IRQHandler                         0x080000f5   Thumb Code     0  startup_stm32f0xx_ld.o(.text)
    I2C1_IRQHandler                          0x080000f5   Thumb Code     0  startup_stm32f0xx_ld.o(.text)
    PVD_IRQHandler                           0x080000f5   Thumb Code     0  startup_stm32f0xx_ld.o(.text)
    RCC_IRQHandler                           0x080000f5   Thumb Code     0  startup_stm32f0xx_ld.o(.text)
    RTC_IRQHandler                           0x080000f5   Thumb Code     0  startup_stm32f0xx_ld.o(.text)
    SPI1_IRQHandler                          0x080000f5   Thumb Code     0  startup_stm32f0xx_ld.o(.text)
    TIM14_IRQHandler                         0x080000f5   Thumb Code     0  startup_stm32f0xx_ld.o(.text)
    TIM16_IRQHandler                         0x080000f5   Thumb Code     0  startup_stm32f0xx_ld.o(.text)
    TIM17_IRQHandler                         0x080000f5   Thumb Code     0  startup_stm32f0xx_ld.o(.text)
    TIM1_CC_IRQHandler                       0x080000f5   Thumb Code     0  startup_stm32f0xx_ld.o(.text)
    USART1_IRQHandler                        0x080000f5   Thumb Code     0  startup_stm32f0xx_ld.o(.text)
    WWDG_IRQHandler                          0x080000f5   Thumb Code     0  startup_stm32f0xx_ld.o(.text)
    __aeabi_uidiv                            0x0800011d   Thumb Code     0  uidiv.o(.text)
    __aeabi_uidivmod                         0x0800011d   Thumb Code    44  uidiv.o(.text)
    __aeabi_fadd                             0x08000149   Thumb Code   162  fadd.o(.text)
    __aeabi_fsub                             0x080001eb   Thumb Code     8  fadd.o(.text)
    __aeabi_frsub                            0x080001f3   Thumb Code     8  fadd.o(.text)
    __aeabi_fdiv                             0x080001fb   Thumb Code   124  fdiv.o(.text)
    __ARM_scalbnf                            0x08000277   Thumb Code    24  fscalb.o(.text)
    scalbnf                                  0x08000277   Thumb Code     0  fscalb.o(.text)
    __aeabi_ui2f                             0x0800028f   Thumb Code    14  ffltui.o(.text)
    __aeabi_f2iz                             0x0800029d   Thumb Code    50  ffixi.o(.text)
    __aeabi_cfcmpeq                          0x080002d1   Thumb Code     0  cfcmple.o(.text)
    __aeabi_cfcmple                          0x080002d1   Thumb Code    20  cfcmple.o(.text)
    __aeabi_cfrcmple                         0x080002e5   Thumb Code    20  cfrcmple.o(.text)
    __I$use$fp                               0x080002f9   Thumb Code     0  iusefp.o(.text)
    _float_round                             0x080002f9   Thumb Code    16  fepilogue.o(.text)
    _float_epilogue                          0x08000309   Thumb Code   114  fepilogue.o(.text)
    __scatterload                            0x0800037d   Thumb Code    28  init.o(.text)
    __scatterload_rt2                        0x0800037d   Thumb Code     0  init.o(.text)
    ADC_ChannelConfig                        0x080003a1   Thumb Code    10  stm32f0xx_adc.o(i.ADC_ChannelConfig)
    ADC_Cmd                                  0x080003ab   Thumb Code    18  stm32f0xx_adc.o(i.ADC_Cmd)
    ADC_DMACmd                               0x080003bd   Thumb Code    20  stm32f0xx_adc.o(i.ADC_DMACmd)
    ADC_DMARequestModeConfig                 0x080003d1   Thumb Code    16  stm32f0xx_adc.o(i.ADC_DMARequestModeConfig)
    ADC_DeInit                               0x080003e1   Thumb Code    28  stm32f0xx_adc.o(i.ADC_DeInit)
    ADC_GetCalibrationFactor                 0x08000401   Thumb Code    46  stm32f0xx_adc.o(i.ADC_GetCalibrationFactor)
    ADC_GetFlagStatus                        0x0800042f   Thumb Code    28  stm32f0xx_adc.o(i.ADC_GetFlagStatus)
    ADC_Init                                 0x0800044d   Thumb Code    38  stm32f0xx_adc.o(i.ADC_Init)
    ADC_OverrunModeCmd                       0x08000479   Thumb Code    20  stm32f0xx_adc.o(i.ADC_OverrunModeCmd)
    ADC_StartOfConversion                    0x0800048d   Thumb Code    10  stm32f0xx_adc.o(i.ADC_StartOfConversion)
    ADC_StructInit                           0x08000497   Thumb Code    16  stm32f0xx_adc.o(i.ADC_StructInit)
    DMA1_Channel1_IRQHandler                 0x080004a9   Thumb Code    74  main.o(i.DMA1_Channel1_IRQHandler)
    DMA_ClearITPendingBit                    0x08000505   Thumb Code    14  stm32f0xx_dma.o(i.DMA_ClearITPendingBit)
    DMA_Cmd                                  0x0800051d   Thumb Code    20  stm32f0xx_dma.o(i.DMA_Cmd)
    DMA_DeInit                               0x08000535   Thumb Code   178  stm32f0xx_dma.o(i.DMA_DeInit)
    DMA_GetITStatus                          0x080005f5   Thumb Code    24  stm32f0xx_dma.o(i.DMA_GetITStatus)
    DMA_ITConfig                             0x08000615   Thumb Code    16  stm32f0xx_dma.o(i.DMA_ITConfig)
    DMA_Init                                 0x08000625   Thumb Code    56  stm32f0xx_dma.o(i.DMA_Init)
    DMA_StructInit                           0x08000661   Thumb Code    26  stm32f0xx_dma.o(i.DMA_StructInit)
    DataProcess                              0x0800067d   Thumb Code   140  process.o(i.DataProcess)
    DelaymsSet                               0x0800070d   Thumb Code    10  main.o(i.DelaymsSet)
    FLASH_ClearFlag                          0x08000719   Thumb Code     6  stm32f0xx_flash.o(i.FLASH_ClearFlag)
    FLASH_ErasePage                          0x08000725   Thumb Code    52  stm32f0xx_flash.o(i.FLASH_ErasePage)
    FLASH_GetStatus                          0x0800075d   Thumb Code    34  stm32f0xx_flash.o(i.FLASH_GetStatus)
    FLASH_Lock                               0x08000785   Thumb Code    12  stm32f0xx_flash.o(i.FLASH_Lock)
    FLASH_ProgramWord                        0x08000795   Thumb Code    70  stm32f0xx_flash.o(i.FLASH_ProgramWord)
    FLASH_Unlock                             0x080007e1   Thumb Code    18  stm32f0xx_flash.o(i.FLASH_Unlock)
    FLASH_WaitForLastOperation               0x08000801   Thumb Code    34  stm32f0xx_flash.o(i.FLASH_WaitForLastOperation)
    GPIO_DEINIT_ALL                          0x08000825   Thumb Code    94  main.o(i.GPIO_DEINIT_ALL)
    GPIO_INIT                                0x08000891   Thumb Code    86  main.o(i.GPIO_INIT)
    GPIO_Init                                0x080008ed   Thumb Code   112  stm32f0xx_gpio.o(i.GPIO_Init)
    GPIO_PinAFConfig                         0x0800095d   Thumb Code    32  stm32f0xx_gpio.o(i.GPIO_PinAFConfig)
    GPIO_ReadInputDataBit                    0x0800097d   Thumb Code    14  stm32f0xx_gpio.o(i.GPIO_ReadInputDataBit)
    GPIO_StructInit                          0x0800098d   Thumb Code    18  stm32f0xx_gpio.o(i.GPIO_StructInit)
    GPIO_WriteBit                            0x080009a5   Thumb Code    12  stm32f0xx_gpio.o(i.GPIO_WriteBit)
    GetRegisterAState                        0x080009b1   Thumb Code    66  process.o(i.GetRegisterAState)
    HardFault_Handler                        0x080009f9   Thumb Code     2  stm32f0xx_it.o(i.HardFault_Handler)
    NMI_Handler                              0x080009fb   Thumb Code     2  stm32f0xx_it.o(i.NMI_Handler)
    NVIC_Init                                0x080009fd   Thumb Code    70  stm32f0xx_misc.o(i.NVIC_Init)
    PendSV_Handler                           0x08000a4d   Thumb Code     2  stm32f0xx_it.o(i.PendSV_Handler)
    RCC_ADCCLKConfig                         0x08000a51   Thumb Code    38  stm32f0xx_rcc.o(i.RCC_ADCCLKConfig)
    RCC_AHBPeriphClockCmd                    0x08000a7d   Thumb Code    18  stm32f0xx_rcc.o(i.RCC_AHBPeriphClockCmd)
    RCC_APB1PeriphClockCmd                   0x08000a95   Thumb Code    18  stm32f0xx_rcc.o(i.RCC_APB1PeriphClockCmd)
    RCC_APB1PeriphResetCmd                   0x08000aad   Thumb Code    18  stm32f0xx_rcc.o(i.RCC_APB1PeriphResetCmd)
    RCC_APB2PeriphClockCmd                   0x08000ac5   Thumb Code    18  stm32f0xx_rcc.o(i.RCC_APB2PeriphClockCmd)
    RCC_APB2PeriphResetCmd                   0x08000add   Thumb Code    18  stm32f0xx_rcc.o(i.RCC_APB2PeriphResetCmd)
    RCC_Configuration                        0x08000af5   Thumb Code    52  main.o(i.RCC_Configuration)
    RCC_GetClocksFreq                        0x08000b29   Thumb Code   346  stm32f0xx_rcc.o(i.RCC_GetClocksFreq)
    RCC_GetFlagStatus                        0x08000ca1   Thumb Code    48  stm32f0xx_rcc.o(i.RCC_GetFlagStatus)
    RCC_GetSYSCLKSource                      0x08000cd5   Thumb Code    10  stm32f0xx_rcc.o(i.RCC_GetSYSCLKSource)
    RCC_PLLCmd                               0x08000ce5   Thumb Code    22  stm32f0xx_rcc.o(i.RCC_PLLCmd)
    RCC_PLLConfig                            0x08000d01   Thumb Code    24  stm32f0xx_rcc.o(i.RCC_PLLConfig)
    RCC_SYSCLKConfig                         0x08000d1d   Thumb Code    14  stm32f0xx_rcc.o(i.RCC_SYSCLKConfig)
    Read_KG                                  0x08000d31   Thumb Code    20  process.o(i.Read_KG)
    Read_Value                               0x08000d45   Thumb Code   100  process.o(i.Read_Value)
    SVC_Handler                              0x08000db9   Thumb Code     2  stm32f0xx_it.o(i.SVC_Handler)
    SelfLearning                             0x08000dbd   Thumb Code   482  process.o(i.SelfLearning)
    SetOut                                   0x08000fb5   Thumb Code    28  process.o(i.SetOut)
    ShortCircuitProtection                   0x08001069   Thumb Code    64  process.o(i.ShortCircuitProtection)
    SysTick_Handler                          0x080010ad   Thumb Code     2  stm32f0xx_it.o(i.SysTick_Handler)
    SystemInit                               0x080010b1   Thumb Code    84  system_stm32f0xx.o(i.SystemInit)
    TIM1_BRK_UP_TRG_COM_IRQHandler           0x08001111   Thumb Code   130  main.o(i.TIM1_BRK_UP_TRG_COM_IRQHandler)
    TIM2_IRQHandler                          0x080011a9   Thumb Code    26  main.o(i.TIM2_IRQHandler)
    TIM3_IRQHandler                          0x080011c5   Thumb Code    56  main.o(i.TIM3_IRQHandler)
    TIM_ARRPreloadConfig                     0x08001209   Thumb Code    18  stm32f0xx_tim.o(i.TIM_ARRPreloadConfig)
    TIM_ClearITPendingBit                    0x0800121b   Thumb Code     6  stm32f0xx_tim.o(i.TIM_ClearITPendingBit)
    TIM_Cmd                                  0x08001221   Thumb Code    20  stm32f0xx_tim.o(i.TIM_Cmd)
    TIM_CtrlPWMOutputs                       0x08001235   Thumb Code    24  stm32f0xx_tim.o(i.TIM_CtrlPWMOutputs)
    TIM_DeInit                               0x0800124d   Thumb Code   172  stm32f0xx_tim.o(i.TIM_DeInit)
    TIM_GetITStatus                          0x08001319   Thumb Code    24  stm32f0xx_tim.o(i.TIM_GetITStatus)
    TIM_ITConfig                             0x08001331   Thumb Code    16  stm32f0xx_tim.o(i.TIM_ITConfig)
    TIM_OC1Init                              0x08001341   Thumb Code   104  stm32f0xx_tim.o(i.TIM_OC1Init)
    TIM_OC1PreloadConfig                     0x080013bd   Thumb Code    12  stm32f0xx_tim.o(i.TIM_OC1PreloadConfig)
    TIM_OC2Init                              0x080013c9   Thumb Code   124  stm32f0xx_tim.o(i.TIM_OC2Init)
    TIM_OC2PreloadConfig                     0x08001459   Thumb Code    14  stm32f0xx_tim.o(i.TIM_OC2PreloadConfig)
    TIM_OC3Init                              0x0800146d   Thumb Code   110  stm32f0xx_tim.o(i.TIM_OC3Init)
    TIM_OC3PreloadConfig                     0x080014f5   Thumb Code    12  stm32f0xx_tim.o(i.TIM_OC3PreloadConfig)
    TIM_SelectInputTrigger                   0x08001501   Thumb Code    12  stm32f0xx_tim.o(i.TIM_SelectInputTrigger)
    TIM_SelectMasterSlaveMode                0x0800150d   Thumb Code    16  stm32f0xx_tim.o(i.TIM_SelectMasterSlaveMode)
    TIM_SelectOutputTrigger                  0x0800151d   Thumb Code    16  stm32f0xx_tim.o(i.TIM_SelectOutputTrigger)
    TIM_SelectSlaveMode                      0x0800152d   Thumb Code    16  stm32f0xx_tim.o(i.TIM_SelectSlaveMode)
    TIM_SetCompare1                          0x0800153d   Thumb Code     4  stm32f0xx_tim.o(i.TIM_SetCompare1)
    TIM_SetCompare2                          0x08001541   Thumb Code     4  stm32f0xx_tim.o(i.TIM_SetCompare2)
    TIM_SetCompare3                          0x08001545   Thumb Code     4  stm32f0xx_tim.o(i.TIM_SetCompare3)
    TIM_TimeBaseInit                         0x08001549   Thumb Code    88  stm32f0xx_tim.o(i.TIM_TimeBaseInit)
    TIM_TimeBaseStructInit                   0x080015bd   Thumb Code    18  stm32f0xx_tim.o(i.TIM_TimeBaseStructInit)
    WriteFlash                               0x080015d1   Thumb Code    46  process.o(i.WriteFlash)
    __scatterload_copy                       0x08001605   Thumb Code    14  handlers.o(i.__scatterload_copy)
    __scatterload_null                       0x08001613   Thumb Code     2  handlers.o(i.__scatterload_null)
    __scatterload_zeroinit                   0x08001615   Thumb Code    14  handlers.o(i.__scatterload_zeroinit)
    adc_config                               0x08001625   Thumb Code   126  main.o(i.adc_config)
    adc_dma_init                             0x080016ad   Thumb Code   116  main.o(i.adc_dma_init)
    adc_gpio_init                            0x0800172d   Thumb Code    44  main.o(i.adc_gpio_init)
    adc_timer_init                           0x08001759   Thumb Code   492  main.o(i.adc_timer_init)
    main                                     0x08001951   Thumb Code    38  main.o(i.main)
    printFlashTest                           0x08001981   Thumb Code    50  process.o(i.printFlashTest)
    scan_key                                 0x080019bd   Thumb Code    52  process.o(i.scan_key)
    user_adc_init                            0x080019f5   Thumb Code    24  main.o(i.user_adc_init)
    Region$$Table$$Base                      0x08001a0c   Number         0  anon$$obj.o(Region$$Table)
    Region$$Table$$Limit                     0x08001a2c   Number         0  anon$$obj.o(Region$$Table)
    sample_finish                            0x20000000   Data           1  main.o(.data)
    TIM1step                                 0x20000001   Data           1  main.o(.data)
    ADCIndex                                 0x20000002   Data           1  main.o(.data)
    DMAIndex                                 0x20000003   Data           1  main.o(.data)
    ShortCircuit                             0x20000004   Data           1  process.o(.data)
    ConfirmShortCircuit                      0x20000005   Data           1  process.o(.data)
    CurrentPWM                               0x20000006   Data           1  process.o(.data)
    KeyIndex                                 0x20000007   Data           1  process.o(.data)
    EnterSelfFlag                            0x20000008   Data           1  process.o(.data)
    SelfGetADCWell                           0x20000009   Data           1  process.o(.data)
    RegisterA                                0x2000000a   Data           1  process.o(.data)
    RegisterB                                0x2000000b   Data           1  process.o(.data)
    OUT                                      0x2000000c   Data           1  process.o(.data)
    KeyTime                                  0x2000000d   Data           1  process.o(.data)
    key_counter                              0x2000000e   Data           2  process.o(.data)
    ADC_value                                0x20000010   Data           4  process.o(.data)
    ShortCircuitTimer                        0x20000014   Data           4  process.o(.data)
    ShortCircuitCounter                      0x20000018   Data           4  process.o(.data)
    ShortCircuitLastTime                     0x2000001c   Data           4  process.o(.data)
    CurrentThreshold                         0x20000020   Data           4  process.o(.data)
    CurrentDifference                        0x20000024   Data           4  process.o(.data)
    RegisterACounter                         0x20000028   Data           4  process.o(.data)
    FLASHData                                0x2000002c   Data           4  process.o(.data)
    X                                        0x20000030   Data           4  process.o(.data)
    Y                                        0x20000034   Data           4  process.o(.data)
    Z                                        0x20000038   Data           4  process.o(.data)
    BIG                                      0x2000003c   Data           4  process.o(.data)
    S_Last                                   0x20000040   Data           4  process.o(.data)
    S_Current                                0x20000044   Data           4  process.o(.data)
    S_FINAL                                  0x20000048   Data           4  process.o(.data)
    Flashtemp                                0x2000004c   Data           4  process.o(.data)
    SXA_B                                    0x20000050   Data           8  process.o(.data)
    SYA_B                                    0x20000058   Data           8  process.o(.data)
    SZA_B                                    0x20000060   Data           8  process.o(.data)
    scan_tick                                0x20000068   Data           2  process.o(.data)
    adc_dma_tab                              0x2000007c   Data          12  main.o(.bss)
    SysClock                                 0x20000088   Data          40  main.o(.bss)
    selfADCValue                             0x200000b0   Data          24  main.o(.bss)
    SX                                       0x200000c8   Data          16  process.o(.bss)
    SY                                       0x200000d8   Data          16  process.o(.bss)
    SZ                                       0x200000e8   Data          16  process.o(.bss)
    __initial_sp                             0x200004f8   Data           0  startup_stm32f0xx_ld.o(STACK)



==============================================================================

Memory Map of the image

  Image Entry point : 0x080000b1

  Load Region LR_IROM1 (Base: 0x08000000, Size: 0x00001aa8, Max: 0x00004000, ABSOLUTE)

    Execution Region ER_IROM1 (Base: 0x08000000, Size: 0x00001a2c, Max: 0x00004000, ABSOLUTE)

    Base Addr    Size         Type   Attr      Idx    E Section Name        Object

    0x08000000   0x000000b0   Data   RO         3990    RESET               startup_stm32f0xx_ld.o
    0x080000b0   0x00000000   Code   RO         3995  * .ARM.Collect$$$$00000000  mc_p.l(entry.o)
    0x080000b0   0x00000004   Code   RO         4016    .ARM.Collect$$$$00000001  mc_p.l(entry2.o)
    0x080000b4   0x00000004   Code   RO         4019    .ARM.Collect$$$$00000004  mc_p.l(entry5.o)
    0x080000b8   0x00000000   Code   RO         4021    .ARM.Collect$$$$00000008  mc_p.l(entry7b.o)
    0x080000b8   0x00000000   Code   RO         4023    .ARM.Collect$$$$0000000A  mc_p.l(entry8b.o)
    0x080000b8   0x00000008   Code   RO         4024    .ARM.Collect$$$$0000000B  mc_p.l(entry9a.o)
    0x080000c0   0x00000000   Code   RO         4026    .ARM.Collect$$$$0000000D  mc_p.l(entry10a.o)
    0x080000c0   0x00000000   Code   RO         4028    .ARM.Collect$$$$0000000F  mc_p.l(entry11a.o)
    0x080000c0   0x00000004   Code   RO         4017    .ARM.Collect$$$$00002712  mc_p.l(entry2.o)
    0x080000c4   0x00000058   Code   RO         3991    .text               startup_stm32f0xx_ld.o
    0x0800011c   0x0000002c   Code   RO         3998    .text               mc_p.l(uidiv.o)
    0x08000148   0x000000b2   Code   RO         4002    .text               mf_p.l(fadd.o)
    0x080001fa   0x0000007c   Code   RO         4004    .text               mf_p.l(fdiv.o)
    0x08000276   0x00000018   Code   RO         4006    .text               mf_p.l(fscalb.o)
    0x0800028e   0x0000000e   Code   RO         4008    .text               mf_p.l(ffltui.o)
    0x0800029c   0x00000032   Code   RO         4010    .text               mf_p.l(ffixi.o)
    0x080002ce   0x00000002   PAD
    0x080002d0   0x00000014   Code   RO         4012    .text               mf_p.l(cfcmple.o)
    0x080002e4   0x00000014   Code   RO         4014    .text               mf_p.l(cfrcmple.o)
    0x080002f8   0x00000000   Code   RO         4030    .text               mc_p.l(iusefp.o)
    0x080002f8   0x00000082   Code   RO         4031    .text               mf_p.l(fepilogue.o)
    0x0800037a   0x00000002   PAD
    0x0800037c   0x00000024   Code   RO         4033    .text               mc_p.l(init.o)
    0x080003a0   0x0000000a   Code   RO          387    i.ADC_ChannelConfig  stm32f0xx_adc.o
    0x080003aa   0x00000012   Code   RO          391    i.ADC_Cmd           stm32f0xx_adc.o
    0x080003bc   0x00000014   Code   RO          393    i.ADC_DMACmd        stm32f0xx_adc.o
    0x080003d0   0x00000010   Code   RO          394    i.ADC_DMARequestModeConfig  stm32f0xx_adc.o
    0x080003e0   0x00000020   Code   RO          395    i.ADC_DeInit        stm32f0xx_adc.o
    0x08000400   0x0000002e   Code   RO          397    i.ADC_GetCalibrationFactor  stm32f0xx_adc.o
    0x0800042e   0x0000001c   Code   RO          399    i.ADC_GetFlagStatus  stm32f0xx_adc.o
    0x0800044a   0x00000002   PAD
    0x0800044c   0x0000002c   Code   RO          402    i.ADC_Init          stm32f0xx_adc.o
    0x08000478   0x00000014   Code   RO          404    i.ADC_OverrunModeCmd  stm32f0xx_adc.o
    0x0800048c   0x0000000a   Code   RO          405    i.ADC_StartOfConversion  stm32f0xx_adc.o
    0x08000496   0x00000010   Code   RO          407    i.ADC_StructInit    stm32f0xx_adc.o
    0x080004a6   0x00000002   PAD
    0x080004a8   0x0000005c   Code   RO          147    i.DMA1_Channel1_IRQHandler  main.o
    0x08000504   0x00000018   Code   RO         1298    i.DMA_ClearITPendingBit  stm32f0xx_dma.o
    0x0800051c   0x00000018   Code   RO         1299    i.DMA_Cmd           stm32f0xx_dma.o
    0x08000534   0x000000c0   Code   RO         1300    i.DMA_DeInit        stm32f0xx_dma.o
    0x080005f4   0x00000020   Code   RO         1303    i.DMA_GetITStatus   stm32f0xx_dma.o
    0x08000614   0x00000010   Code   RO         1304    i.DMA_ITConfig      stm32f0xx_dma.o
    0x08000624   0x0000003c   Code   RO         1305    i.DMA_Init          stm32f0xx_dma.o
    0x08000660   0x0000001a   Code   RO         1308    i.DMA_StructInit    stm32f0xx_dma.o
    0x0800067a   0x00000002   PAD
    0x0800067c   0x00000090   Code   RO          298    i.DataProcess       process.o
    0x0800070c   0x0000000a   Code   RO          148    i.DelaymsSet        main.o
    0x08000716   0x00000002   PAD
    0x08000718   0x0000000c   Code   RO         1445    i.FLASH_ClearFlag   stm32f0xx_flash.o
    0x08000724   0x00000038   Code   RO         1447    i.FLASH_ErasePage   stm32f0xx_flash.o
    0x0800075c   0x00000028   Code   RO         1450    i.FLASH_GetStatus   stm32f0xx_flash.o
    0x08000784   0x00000010   Code   RO         1452    i.FLASH_Lock        stm32f0xx_flash.o
    0x08000794   0x0000004c   Code   RO         1472    i.FLASH_ProgramWord  stm32f0xx_flash.o
    0x080007e0   0x00000020   Code   RO         1474    i.FLASH_Unlock      stm32f0xx_flash.o
    0x08000800   0x00000022   Code   RO         1475    i.FLASH_WaitForLastOperation  stm32f0xx_flash.o
    0x08000822   0x00000002   PAD
    0x08000824   0x0000006c   Code   RO          150    i.GPIO_DEINIT_ALL   main.o
    0x08000890   0x0000005c   Code   RO          151    i.GPIO_INIT         main.o
    0x080008ec   0x00000070   Code   RO         1645    i.GPIO_Init         stm32f0xx_gpio.o
    0x0800095c   0x00000020   Code   RO         1646    i.GPIO_PinAFConfig  stm32f0xx_gpio.o
    0x0800097c   0x0000000e   Code   RO         1649    i.GPIO_ReadInputDataBit  stm32f0xx_gpio.o
    0x0800098a   0x00000002   PAD
    0x0800098c   0x00000018   Code   RO         1654    i.GPIO_StructInit   stm32f0xx_gpio.o
    0x080009a4   0x0000000c   Code   RO         1656    i.GPIO_WriteBit     stm32f0xx_gpio.o
    0x080009b0   0x00000048   Code   RO          299    i.GetRegisterAState  process.o
    0x080009f8   0x00000002   Code   RO            3    i.HardFault_Handler  stm32f0xx_it.o
    0x080009fa   0x00000002   Code   RO            4    i.NMI_Handler       stm32f0xx_it.o
    0x080009fc   0x00000050   Code   RO         2058    i.NVIC_Init         stm32f0xx_misc.o
    0x08000a4c   0x00000002   Code   RO            5    i.PendSV_Handler    stm32f0xx_it.o
    0x08000a4e   0x00000002   PAD
    0x08000a50   0x0000002c   Code   RO         2164    i.RCC_ADCCLKConfig  stm32f0xx_rcc.o
    0x08000a7c   0x00000018   Code   RO         2165    i.RCC_AHBPeriphClockCmd  stm32f0xx_rcc.o
    0x08000a94   0x00000018   Code   RO         2167    i.RCC_APB1PeriphClockCmd  stm32f0xx_rcc.o
    0x08000aac   0x00000018   Code   RO         2168    i.RCC_APB1PeriphResetCmd  stm32f0xx_rcc.o
    0x08000ac4   0x00000018   Code   RO         2169    i.RCC_APB2PeriphClockCmd  stm32f0xx_rcc.o
    0x08000adc   0x00000018   Code   RO         2170    i.RCC_APB2PeriphResetCmd  stm32f0xx_rcc.o
    0x08000af4   0x00000034   Code   RO          152    i.RCC_Configuration  main.o
    0x08000b28   0x00000178   Code   RO         2179    i.RCC_GetClocksFreq  stm32f0xx_rcc.o
    0x08000ca0   0x00000034   Code   RO         2180    i.RCC_GetFlagStatus  stm32f0xx_rcc.o
    0x08000cd4   0x00000010   Code   RO         2182    i.RCC_GetSYSCLKSource  stm32f0xx_rcc.o
    0x08000ce4   0x0000001c   Code   RO         2196    i.RCC_PLLCmd        stm32f0xx_rcc.o
    0x08000d00   0x0000001c   Code   RO         2197    i.RCC_PLLConfig     stm32f0xx_rcc.o
    0x08000d1c   0x00000014   Code   RO         2201    i.RCC_SYSCLKConfig  stm32f0xx_rcc.o
    0x08000d30   0x00000014   Code   RO          300    i.Read_KG           process.o
    0x08000d44   0x00000074   Code   RO          301    i.Read_Value        process.o
    0x08000db8   0x00000002   Code   RO            6    i.SVC_Handler       stm32f0xx_it.o
    0x08000dba   0x00000002   PAD
    0x08000dbc   0x000001f8   Code   RO          302    i.SelfLearning      process.o
    0x08000fb4   0x0000001c   Code   RO          303    i.SetOut            process.o
    0x08000fd0   0x00000098   Code   RO         3953    i.SetSysClock       system_stm32f0xx.o
    0x08001068   0x00000044   Code   RO          304    i.ShortCircuitProtection  process.o
    0x080010ac   0x00000002   Code   RO            7    i.SysTick_Handler   stm32f0xx_it.o
    0x080010ae   0x00000002   PAD
    0x080010b0   0x00000060   Code   RO         3955    i.SystemInit        system_stm32f0xx.o
    0x08001110   0x00000098   Code   RO          153    i.TIM1_BRK_UP_TRG_COM_IRQHandler  main.o
    0x080011a8   0x0000001a   Code   RO          154    i.TIM2_IRQHandler   main.o
    0x080011c2   0x00000002   PAD
    0x080011c4   0x00000044   Code   RO          155    i.TIM3_IRQHandler   main.o
    0x08001208   0x00000012   Code   RO         3032    i.TIM_ARRPreloadConfig  stm32f0xx_tim.o
    0x0800121a   0x00000006   Code   RO         3039    i.TIM_ClearITPendingBit  stm32f0xx_tim.o
    0x08001220   0x00000014   Code   RO         3044    i.TIM_Cmd           stm32f0xx_tim.o
    0x08001234   0x00000018   Code   RO         3046    i.TIM_CtrlPWMOutputs  stm32f0xx_tim.o
    0x0800124c   0x000000cc   Code   RO         3049    i.TIM_DeInit        stm32f0xx_tim.o
    0x08001318   0x00000018   Code   RO         3065    i.TIM_GetITStatus   stm32f0xx_tim.o
    0x08001330   0x00000010   Code   RO         3069    i.TIM_ITConfig      stm32f0xx_tim.o
    0x08001340   0x0000007c   Code   RO         3073    i.TIM_OC1Init       stm32f0xx_tim.o
    0x080013bc   0x0000000c   Code   RO         3076    i.TIM_OC1PreloadConfig  stm32f0xx_tim.o
    0x080013c8   0x00000090   Code   RO         3078    i.TIM_OC2Init       stm32f0xx_tim.o
    0x08001458   0x00000014   Code   RO         3081    i.TIM_OC2PreloadConfig  stm32f0xx_tim.o
    0x0800146c   0x00000088   Code   RO         3083    i.TIM_OC3Init       stm32f0xx_tim.o
    0x080014f4   0x0000000c   Code   RO         3086    i.TIM_OC3PreloadConfig  stm32f0xx_tim.o
    0x08001500   0x0000000c   Code   RO         3098    i.TIM_SelectInputTrigger  stm32f0xx_tim.o
    0x0800150c   0x00000010   Code   RO         3099    i.TIM_SelectMasterSlaveMode  stm32f0xx_tim.o
    0x0800151c   0x00000010   Code   RO         3103    i.TIM_SelectOutputTrigger  stm32f0xx_tim.o
    0x0800152c   0x00000010   Code   RO         3104    i.TIM_SelectSlaveMode  stm32f0xx_tim.o
    0x0800153c   0x00000004   Code   RO         3107    i.TIM_SetCompare1   stm32f0xx_tim.o
    0x08001540   0x00000004   Code   RO         3108    i.TIM_SetCompare2   stm32f0xx_tim.o
    0x08001544   0x00000004   Code   RO         3109    i.TIM_SetCompare3   stm32f0xx_tim.o
    0x08001548   0x00000074   Code   RO         3117    i.TIM_TimeBaseInit  stm32f0xx_tim.o
    0x080015bc   0x00000012   Code   RO         3118    i.TIM_TimeBaseStructInit  stm32f0xx_tim.o
    0x080015ce   0x00000002   PAD
    0x080015d0   0x00000034   Code   RO          305    i.WriteFlash        process.o
    0x08001604   0x0000000e   Code   RO         4037    i.__scatterload_copy  mc_p.l(handlers.o)
    0x08001612   0x00000002   Code   RO         4038    i.__scatterload_null  mc_p.l(handlers.o)
    0x08001614   0x0000000e   Code   RO         4039    i.__scatterload_zeroinit  mc_p.l(handlers.o)
    0x08001622   0x00000002   PAD
    0x08001624   0x00000088   Code   RO          160    i.adc_config        main.o
    0x080016ac   0x00000080   Code   RO          161    i.adc_dma_init      main.o
    0x0800172c   0x0000002c   Code   RO          162    i.adc_gpio_init     main.o
    0x08001758   0x000001f8   Code   RO          163    i.adc_timer_init    main.o
    0x08001950   0x00000030   Code   RO          165    i.main              main.o
    0x08001980   0x0000003c   Code   RO          306    i.printFlashTest    process.o
    0x080019bc   0x00000038   Code   RO          307    i.scan_key          process.o
    0x080019f4   0x00000018   Code   RO          166    i.user_adc_init     main.o
    0x08001a0c   0x00000020   Data   RO         4035    Region$$Table       anon$$obj.o


    Execution Region RW_IRAM1 (Base: 0x20000000, Size: 0x000004f8, Max: 0x00001000, ABSOLUTE)

    Base Addr    Size         Type   Attr      Idx    E Section Name        Object

    0x20000000   0x00000004   Data   RW          174    .data               main.o
    0x20000004   0x00000064   Data   RW          309    .data               process.o
    0x20000068   0x00000002   Data   RW          310    .data               process.o
    0x2000006a   0x00000010   Data   RW         2205    .data               stm32f0xx_rcc.o
    0x2000007a   0x00000002   PAD
    0x2000007c   0x0000004c   Zero   RW          167    .bss                main.o
    0x200000c8   0x00000030   Zero   RW          308    .bss                process.o
    0x200000f8   0x00000400   Zero   RW         3988    STACK               startup_stm32f0xx_ld.o


==============================================================================

Image component sizes


      Code (inc. data)   RO Data    RW Data    ZI Data      Debug   Object Name

      1484        116          0          4         76       9263   main.o
      1120         72          0        102         48       8973   process.o
        88         38        176          0       1024        760   startup_stm32f0xx_ld.o
       260         10          0          0          0       7051   stm32f0xx_adc.o
       374         40          0          0          0       5956   stm32f0xx_dma.o
       266         40          0          0          0       4839   stm32f0xx_flash.o
       194          6          0          0          0       3573   stm32f0xx_gpio.o
        10          0          0          0          0     243675   stm32f0xx_it.o
        80         10          0          0          0       1056   stm32f0xx_misc.o
       684         92          0         16          0       8457   stm32f0xx_rcc.o
       966        132          0          0          0      14724   stm32f0xx_tim.o
       248         22          0          0          0       1461   system_stm32f0xx.o

    ----------------------------------------------------------------------
      5796        578        208        124       1148     309788   Object Totals
         0          0         32          0          0          0   (incl. Generated)
        22          0          0          2          0          0   (incl. Padding)

    ----------------------------------------------------------------------

      Code (inc. data)   RO Data    RW Data    ZI Data      Debug   Library Member Name

         0          0          0          0          0          0   entry.o
         0          0          0          0          0          0   entry10a.o
         0          0          0          0          0          0   entry11a.o
         8          4          0          0          0          0   entry2.o
         4          0          0          0          0          0   entry5.o
         0          0          0          0          0          0   entry7b.o
         0          0          0          0          0          0   entry8b.o
         8          4          0          0          0          0   entry9a.o
        30          0          0          0          0          0   handlers.o
        36          8          0          0          0         68   init.o
         0          0          0          0          0          0   iusefp.o
        44          0          0          0          0         72   uidiv.o
        20          0          0          0          0         68   cfcmple.o
        20          0          0          0          0         68   cfrcmple.o
       178          0          0          0          0        108   fadd.o
       124          0          0          0          0         72   fdiv.o
       130          0          0          0          0        144   fepilogue.o
        50          0          0          0          0         60   ffixi.o
        14          0          0          0          0         68   ffltui.o
        24          0          0          0          0         60   fscalb.o

    ----------------------------------------------------------------------
       696         16          0          0          0        788   Library Totals
         6          0          0          0          0          0   (incl. Padding)

    ----------------------------------------------------------------------

      Code (inc. data)   RO Data    RW Data    ZI Data      Debug   Library Name

       130         16          0          0          0        140   mc_p.l
       560          0          0          0          0        648   mf_p.l

    ----------------------------------------------------------------------
       696         16          0          0          0        788   Library Totals

    ----------------------------------------------------------------------

==============================================================================


      Code (inc. data)   RO Data    RW Data    ZI Data      Debug   

      6492        594        208        124       1148     306312   Grand Totals
      6492        594        208        124       1148     306312   ELF Image Totals
      6492        594        208        124          0          0   ROM Totals

==============================================================================

    Total RO  Size (Code + RO Data)                 6700 (   6.54kB)
    Total RW  Size (RW Data + ZI Data)              1272 (   1.24kB)
    Total ROM Size (Code + RO Data + RW Data)       6824 (   6.66kB)

==============================================================================

